Archive member included to satisfy reference by file (symbol)

C:/ST/STM32CubeCLT_1.21.0/GNU-tools-for-STM32/bin/../lib/gcc/arm-none-eabi/14.3.1/../../../../arm-none-eabi/lib/thumb/v7e-m+fp/hard\libg_nano.a(libc_a-exit.o)
                              C:/ST/STM32CubeCLT_1.21.0/GNU-tools-for-STM32/bin/../lib/gcc/arm-none-eabi/14.3.1/../../../../arm-none-eabi/lib/thumb/v7e-m+fp/hard/crt0.o (exit)
C:/ST/STM32CubeCLT_1.21.0/GNU-tools-for-STM32/bin/../lib/gcc/arm-none-eabi/14.3.1/../../../../arm-none-eabi/lib/thumb/v7e-m+fp/hard\libg_nano.a(libc_a-findfp.o)
                              C:/ST/STM32CubeCLT_1.21.0/GNU-tools-for-STM32/bin/../lib/gcc/arm-none-eabi/14.3.1/../../../../arm-none-eabi/lib/thumb/v7e-m+fp/hard\libg_nano.a(libc_a-exit.o) (__stdio_exit_handler)
C:/ST/STM32CubeCLT_1.21.0/GNU-tools-for-STM32/bin/../lib/gcc/arm-none-eabi/14.3.1/../../../../arm-none-eabi/lib/thumb/v7e-m+fp/hard\libg_nano.a(libc_a-fwalk.o)
                              C:/ST/STM32CubeCLT_1.21.0/GNU-tools-for-STM32/bin/../lib/gcc/arm-none-eabi/14.3.1/../../../../arm-none-eabi/lib/thumb/v7e-m+fp/hard\libg_nano.a(libc_a-findfp.o) (_fwalk_sglue)
C:/ST/STM32CubeCLT_1.21.0/GNU-tools-for-STM32/bin/../lib/gcc/arm-none-eabi/14.3.1/../../../../arm-none-eabi/lib/thumb/v7e-m+fp/hard\libg_nano.a(libc_a-stdio.o)
                              C:/ST/STM32CubeCLT_1.21.0/GNU-tools-for-STM32/bin/../lib/gcc/arm-none-eabi/14.3.1/../../../../arm-none-eabi/lib/thumb/v7e-m+fp/hard\libg_nano.a(libc_a-findfp.o) (__sread)
C:/ST/STM32CubeCLT_1.21.0/GNU-tools-for-STM32/bin/../lib/gcc/arm-none-eabi/14.3.1/../../../../arm-none-eabi/lib/thumb/v7e-m+fp/hard\libg_nano.a(libc_a-memset.o)
                              C:/ST/STM32CubeCLT_1.21.0/GNU-tools-for-STM32/bin/../lib/gcc/arm-none-eabi/14.3.1/../../../../arm-none-eabi/lib/thumb/v7e-m+fp/hard/crt0.o (memset)
C:/ST/STM32CubeCLT_1.21.0/GNU-tools-for-STM32/bin/../lib/gcc/arm-none-eabi/14.3.1/../../../../arm-none-eabi/lib/thumb/v7e-m+fp/hard\libg_nano.a(libc_a-closer.o)
                              C:/ST/STM32CubeCLT_1.21.0/GNU-tools-for-STM32/bin/../lib/gcc/arm-none-eabi/14.3.1/../../../../arm-none-eabi/lib/thumb/v7e-m+fp/hard\libg_nano.a(libc_a-stdio.o) (_close_r)
C:/ST/STM32CubeCLT_1.21.0/GNU-tools-for-STM32/bin/../lib/gcc/arm-none-eabi/14.3.1/../../../../arm-none-eabi/lib/thumb/v7e-m+fp/hard\libg_nano.a(libc_a-reent.o)
                              C:/ST/STM32CubeCLT_1.21.0/GNU-tools-for-STM32/bin/../lib/gcc/arm-none-eabi/14.3.1/../../../../arm-none-eabi/lib/thumb/v7e-m+fp/hard\libg_nano.a(libc_a-closer.o) (errno)
C:/ST/STM32CubeCLT_1.21.0/GNU-tools-for-STM32/bin/../lib/gcc/arm-none-eabi/14.3.1/../../../../arm-none-eabi/lib/thumb/v7e-m+fp/hard\libg_nano.a(libc_a-impure.o)
                              C:/ST/STM32CubeCLT_1.21.0/GNU-tools-for-STM32/bin/../lib/gcc/arm-none-eabi/14.3.1/../../../../arm-none-eabi/lib/thumb/v7e-m+fp/hard\libg_nano.a(libc_a-reent.o) (_impure_ptr)
C:/ST/STM32CubeCLT_1.21.0/GNU-tools-for-STM32/bin/../lib/gcc/arm-none-eabi/14.3.1/../../../../arm-none-eabi/lib/thumb/v7e-m+fp/hard\libg_nano.a(libc_a-lseekr.o)
                              C:/ST/STM32CubeCLT_1.21.0/GNU-tools-for-STM32/bin/../lib/gcc/arm-none-eabi/14.3.1/../../../../arm-none-eabi/lib/thumb/v7e-m+fp/hard\libg_nano.a(libc_a-stdio.o) (_lseek_r)
C:/ST/STM32CubeCLT_1.21.0/GNU-tools-for-STM32/bin/../lib/gcc/arm-none-eabi/14.3.1/../../../../arm-none-eabi/lib/thumb/v7e-m+fp/hard\libg_nano.a(libc_a-readr.o)
                              C:/ST/STM32CubeCLT_1.21.0/GNU-tools-for-STM32/bin/../lib/gcc/arm-none-eabi/14.3.1/../../../../arm-none-eabi/lib/thumb/v7e-m+fp/hard\libg_nano.a(libc_a-stdio.o) (_read_r)
C:/ST/STM32CubeCLT_1.21.0/GNU-tools-for-STM32/bin/../lib/gcc/arm-none-eabi/14.3.1/../../../../arm-none-eabi/lib/thumb/v7e-m+fp/hard\libg_nano.a(libc_a-writer.o)
                              C:/ST/STM32CubeCLT_1.21.0/GNU-tools-for-STM32/bin/../lib/gcc/arm-none-eabi/14.3.1/../../../../arm-none-eabi/lib/thumb/v7e-m+fp/hard\libg_nano.a(libc_a-stdio.o) (_write_r)
C:/ST/STM32CubeCLT_1.21.0/GNU-tools-for-STM32/bin/../lib/gcc/arm-none-eabi/14.3.1/../../../../arm-none-eabi/lib/thumb/v7e-m+fp/hard\libg_nano.a(libc_a-errno.o)
                              CMakeFiles/Test_0703_OLED.dir/Core/Src/sysmem.c.obj (__errno)
C:/ST/STM32CubeCLT_1.21.0/GNU-tools-for-STM32/bin/../lib/gcc/arm-none-eabi/14.3.1/../../../../arm-none-eabi/lib/thumb/v7e-m+fp/hard\libg_nano.a(libc_a-init.o)
                              C:/ST/STM32CubeCLT_1.21.0/GNU-tools-for-STM32/bin/../lib/gcc/arm-none-eabi/14.3.1/../../../../arm-none-eabi/lib/thumb/v7e-m+fp/hard/crt0.o (__libc_init_array)
C:/ST/STM32CubeCLT_1.21.0/GNU-tools-for-STM32/bin/../lib/gcc/arm-none-eabi/14.3.1/../../../../arm-none-eabi/lib/thumb/v7e-m+fp/hard\libg_nano.a(libc_a-lock.o)
                              C:/ST/STM32CubeCLT_1.21.0/GNU-tools-for-STM32/bin/../lib/gcc/arm-none-eabi/14.3.1/../../../../arm-none-eabi/lib/thumb/v7e-m+fp/hard\libg_nano.a(libc_a-findfp.o) (__retarget_lock_init_recursive)
[...]
Memory Configuration

Name             Origin             Length             Attributes
RAM              0x20000000         0x00010000         xrw
CCMRAM           0x10000000         0x00004000         xrw
FLASH            0x08000000         0x00080000         xr
*default*        0x00000000         0xffffffff

Linker script and memory map

LOAD C:/ST/STM32CubeCLT_1.21.0/GNU-tools-for-STM32/bin/../lib/gcc/arm-none-eabi/14.3.1/thumb/v7e-m+fp/hard/crti.o
LOAD C:/ST/STM32CubeCLT_1.21.0/GNU-tools-for-STM32/bin/../lib/gcc/arm-none-eabi/14.3.1/thumb/v7e-m+fp/hard/crtbegin.o
LOAD C:/ST/STM32CubeCLT_1.21.0/GNU-tools-for-STM32/bin/../lib/gcc/arm-none-eabi/14.3.1/../../../../arm-none-eabi/lib/thumb/v7e-m+fp/hard/crt0.o
LOAD cmake/stm32cubemx/CMakeFiles/STM32_Drivers.dir/__/__/Core/Src/system_stm32f3xx.c.obj
LOAD cmake/stm32cubemx/CMakeFiles/STM32_Drivers.dir/__/__/Drivers/STM32F3xx_HAL_Driver/Src/stm32f3xx_hal_i2c.c.obj
LOAD cmake/stm32cubemx/CMakeFiles/STM32_Drivers.dir/__/__/Drivers/STM32F3xx_HAL_Driver/Src/stm32f3xx_hal_i2c_ex.c.obj
LOAD cmake/stm32cubemx/CMakeFiles/STM32_Drivers.dir/__/__/Drivers/STM32F3xx_HAL_Driver/Src/stm32f3xx_hal.c.obj
LOAD cmake/stm32cubemx/CMakeFiles/STM32_Drivers.dir/__/__/Drivers/STM32F3xx_HAL_Driver/Src/stm32f3xx_hal_rcc.c.obj
LOAD cmake/stm32cubemx/CMakeFiles/STM32_Drivers.dir/__/__/Drivers/STM32F3xx_HAL_Driver/Src/stm32f3xx_hal_rcc_ex.c.obj
LOAD cmake/stm32cubemx/CMakeFiles/STM32_Drivers.dir/__/__/Drivers/STM32F3xx_HAL_Driver/Src/stm32f3xx_hal_gpio.c.obj
LOAD cmake/stm32cubemx/CMakeFiles/STM32_Drivers.dir/__/__/Drivers/STM32F3xx_HAL_Driver/Src/stm32f3xx_hal_dma.c.obj
LOAD cmake/stm32cubemx/CMakeFiles/STM32_Drivers.dir/__/__/Drivers/STM32F3xx_HAL_Driver/Src/stm32f3xx_hal_cortex.c.obj
LOAD cmake/stm32cubemx/CMakeFiles/STM32_Drivers.dir/__/__/Drivers/STM32F3xx_HAL_Driver/Src/stm32f3xx_hal_pwr.c.obj
LOAD cmake/stm32cubemx/CMakeFiles/STM32_Drivers.dir/__/__/Drivers/STM32F3xx_HAL_Driver/Src/stm32f3xx_hal_pwr_ex.c.obj
LOAD cmake/stm32cubemx/CMakeFiles/STM32_Drivers.dir/__/__/Drivers/STM32F3xx_HAL_Driver/Src/stm32f3xx_hal_flash.c.obj
LOAD cmake/stm32cubemx/CMakeFiles/STM32_Drivers.dir/__/__/Drivers/STM32F3xx_HAL_Driver/Src/stm32f3xx_hal_flash_ex.c.obj
LOAD cmake/stm32cubemx/CMakeFiles/STM32_Drivers.dir/__/__/Drivers/STM32F3xx_HAL_Driver/Src/stm32f3xx_hal_exti.c.obj
LOAD CMakeFiles/Test_0703_OLED.dir/Core/Src/main.c.obj
LOAD CMakeFiles/Test_0703_OLED.dir/Core/Src/gpio.c.obj
LOAD CMakeFiles/Test_0703_OLED.dir/Core/Src/i2c.c.obj
LOAD CMakeFiles/Test_0703_OLED.dir/Core/Src/stm32f3xx_it.c.obj
LOAD CMakeFiles/Test_0703_OLED.dir/Core/Src/stm32f3xx_hal_msp.c.obj
LOAD CMakeFiles/Test_0703_OLED.dir/Core/Src/sysmem.c.obj
LOAD CMakeFiles/Test_0703_OLED.dir/Core/Src/syscalls.c.obj
LOAD CMakeFiles/Test_0703_OLED.dir/startup_stm32f303xe.s.obj
LOAD CMakeFiles/Test_0703_OLED.dir/Core/Src/ssd1306.c.obj
LOAD CMakeFiles/Test_0703_OLED.dir/Core/Src/ssd1306_font.c.obj
LOAD C:/ST/STM32CubeCLT_1.21.0/GNU-tools-for-STM32/bin/../lib/gcc/arm-none-eabi/14.3.1/../../../../arm-none-eabi/lib/thumb/v7e-m+fp/hard\libm.a
START GROUP
LOAD C:/ST/STM32CubeCLT_1.21.0/GNU-tools-for-STM32/bin/../lib/gcc/arm-none-eabi/14.3.1/thumb/v7e-m+fp/hard\libgcc.a
LOAD C:/ST/STM32CubeCLT_1.21.0/GNU-tools-for-STM32/bin/../lib/gcc/arm-none-eabi/14.3.1/../../../../arm-none-eabi/lib/thumb/v7e-m+fp/hard\libg_nano.a
LOAD C:/ST/STM32CubeCLT_1.21.0/GNU-tools-for-STM32/bin/../lib/gcc/arm-none-eabi/14.3.1/../../../../arm-none-eabi/lib/thumb/v7e-m+fp/hard\libc_nano.a
END GROUP
START GROUP
LOAD C:/ST/STM32CubeCLT_1.21.0/GNU-tools-for-STM32/bin/../lib/gcc/arm-none-eabi/14.3.1/thumb/v7e-m+fp/hard\libgcc.a
LOAD C:/ST/STM32CubeCLT_1.21.0/GNU-tools-for-STM32/bin/../lib/gcc/arm-none-eabi/14.3.1/../../../../arm-none-eabi/lib/thumb/v7e-m+fp/hard\libc_nano.a
END GROUP
LOAD C:/ST/STM32CubeCLT_1.21.0/GNU-tools-for-STM32/bin/../lib/gcc/arm-none-eabi/14.3.1/thumb/v7e-m+fp/hard/crtend.o
LOAD C:/ST/STM32CubeCLT_1.21.0/GNU-tools-for-STM32/bin/../lib/gcc/arm-none-eabi/14.3.1/thumb/v7e-m+fp/hard/crtn.o
                0x20010000                        _estack = (ORIGIN (RAM) + LENGTH (RAM))
                0x2000fc00                        _sstack = (_estack - _Min_Stack_Size)
                0x00000200                        _Min_Heap_Size = 0x200
                0x00000400                        _Min_Stack_Size = 0x400

.isr_vector     0x08000000      0x194
                0x08000000                        . = ALIGN (0x4)
 *(.isr_vector)
 .isr_vector    0x08000000      0x194 CMakeFiles/Test_0703_OLED.dir/startup_stm32f303xe.s.obj
                0x08000000                g_pfnVectors
                0x08000194                        . = ALIGN (0x4)

.text           0x08000194     0x36e8
                0x08000194                        . = ALIGN (0x4)
 *(.text)
 .text          0x08000194       0x40 C:/ST/STM32CubeCLT_1.21.0/GNU-tools-for-STM32/bin/../lib/gcc/arm-none-eabi/14.3.1/thumb/v7e-m+fp/hard/crtbegin.o
 *(.text*)
 .text.SystemInit
                0x080001d4       0x24 cmake/stm32cubemx/CMakeFiles/STM32_Drivers.dir/__/__/Core/Src/system_stm32f3xx.c.obj
                0x080001d4                SystemInit
 .text.HAL_I2C_Init
                0x080001f8      0x136 cmake/stm32cubemx/CMakeFiles/STM32_Drivers.dir/__/__/Drivers/STM32F3xx_HAL_Driver/Src/stm32f3xx_hal_i2c.c.obj
                0x080001f8                HAL_I2C_Init
 *fill*         0x0800032e        0x2 
 .text.HAL_I2C_Master_Transmit
                0x08000330      0x230 cmake/stm32cubemx/CMakeFiles/STM32_Drivers.dir/__/__/Drivers/STM32F3xx_HAL_Driver/Src/stm32f3xx_hal_i2c.c.obj
                0x08000330                HAL_I2C_Master_Transmit
 .text.I2C_Flush_TXDR
                0x08000560       0x48 cmake/stm32cubemx/CMakeFiles/STM32_Drivers.dir/__/__/Drivers/STM32F3xx_HAL_Driver/Src/stm32f3xx_hal_i2c.c.obj
 .text.I2C_WaitOnFlagUntilTimeout
                0x080005a8       0xb2 cmake/stm32cubemx/CMakeFiles/STM32_Drivers.dir/__/__/Drivers/STM32F3xx_HAL_Driver/Src/stm32f3xx_hal_i2c.c.obj
 .text.I2C_WaitOnTXISFlagUntilTimeout
                0x0800065a       0x8e cmake/stm32cubemx/CMakeFiles/STM32_Drivers.dir/__/__/Drivers/STM32F3xx_HAL_Driver/Src/stm32f3xx_hal_i2c.c.obj
 .text.I2C_WaitOnSTOPFlagUntilTimeout
                0x080006e8       0x86 cmake/stm32cubemx/CMakeFiles/STM32_Drivers.dir/__/__/Drivers/STM32F3xx_HAL_Driver/Src/stm32f3xx_hal_i2c.c.obj
 *fill*         0x0800076e        0x2 
 .text.I2C_IsErrorOccurred
                0x08000770      0x1c0 cmake/stm32cubemx/CMakeFiles/STM32_Drivers.dir/__/__/Drivers/STM32F3xx_HAL_Driver/Src/stm32f3xx_hal_i2c.c.obj
 .text.I2C_TransferConfig
                0x08000930       0x64 cmake/stm32cubemx/CMakeFiles/STM32_Drivers.dir/__/__/Drivers/STM32F3xx_HAL_Driver/Src/stm32f3xx_hal_i2c.c.obj
 .text.HAL_I2CEx_ConfigAnalogFilter
                0x08000994       0x96 cmake/stm32cubemx/CMakeFiles/STM32_Drivers.dir/__/__/Drivers/STM32F3xx_HAL_Driver/Src/stm32f3xx_hal_i2c_ex.c.obj
                0x08000994                HAL_I2CEx_ConfigAnalogFilter
 .text.HAL_I2CEx_ConfigDigitalFilter
                0x08000a2a       0x98 cmake/stm32cubemx/CMakeFiles/STM32_Drivers.dir/__/__/Drivers/STM32F3xx_HAL_Driver/Src/stm32f3xx_hal_i2c_ex.c.obj
                0x08000a2a                HAL_I2CEx_ConfigDigitalFilter
 *fill*         0x08000ac2        0x2 
 .text.HAL_Init
                0x08000ac4       0x2c cmake/stm32cubemx/CMakeFiles/STM32_Drivers.dir/__/__/Drivers/STM32F3xx_HAL_Driver/Src/stm32f3xx_hal.c.obj
                0x08000ac4                HAL_Init
 .text.HAL_InitTick
                0x08000af0       0x60 cmake/stm32cubemx/CMakeFiles/STM32_Drivers.dir/__/__/Drivers/STM32F3xx_HAL_Driver/Src/stm32f3xx_hal.c.obj
                0x08000af0                HAL_InitTick
 .text.HAL_IncTick
                0x08000b50       0x28 cmake/stm32cubemx/CMakeFiles/STM32_Drivers.dir/__/__/Drivers/STM32F3xx_HAL_Driver/Src/stm32f3xx_hal.c.obj
                0x08000b50                HAL_IncTick
 .text.HAL_GetTick
                0x08000b78       0x18 cmake/stm32cubemx/CMakeFiles/STM32_Drivers.dir/__/__/Drivers/STM32F3xx_HAL_Driver/Src/stm32f3xx_hal.c.obj
                0x08000b78                HAL_GetTick
 .text.HAL_Delay
                0x08000b90       0x48 cmake/stm32cubemx/CMakeFiles/STM32_Drivers.dir/__/__/Drivers/STM32F3xx_HAL_Driver/Src/stm32f3xx_hal.c.obj
                0x08000b90                HAL_Delay
 .text.HAL_RCC_OscConfig
                0x08000bd8     0x1048 cmake/stm32cubemx/CMakeFiles/STM32_Drivers.dir/__/__/Drivers/STM32F3xx_HAL_Driver/Src/stm32f3xx_hal_rcc.c.obj
                0x08000bd8                HAL_RCC_OscConfig
 .text.HAL_RCC_ClockConfig
                0x08001c20      0x2dc cmake/stm32cubemx/CMakeFiles/STM32_Drivers.dir/__/__/Drivers/STM32F3xx_HAL_Driver/Src/stm32f3xx_hal_rcc.c.obj
                0x08001c20                HAL_RCC_ClockConfig
 .text.HAL_RCC_GetSysClockFreq
                0x08001efc       0xa8 cmake/stm32cubemx/CMakeFiles/STM32_Drivers.dir/__/__/Drivers/STM32F3xx_HAL_Driver/Src/stm32f3xx_hal_rcc.c.obj
                0x08001efc                HAL_RCC_GetSysClockFreq
 .text.HAL_RCCEx_PeriphCLKConfig
                0x08001fa4      0x438 cmake/stm32cubemx/CMakeFiles/STM32_Drivers.dir/__/__/Drivers/STM32F3xx_HAL_Driver/Src/stm32f3xx_hal_rcc_ex.c.obj
                0x08001fa4                HAL_RCCEx_PeriphCLKConfig
 .text.HAL_GPIO_Init
                0x080023dc      0x314 cmake/stm32cubemx/CMakeFiles/STM32_Drivers.dir/__/__/Drivers/STM32F3xx_HAL_Driver/Src/stm32f3xx_hal_gpio.c.obj
                0x080023dc                HAL_GPIO_Init
 .text.HAL_GPIO_ReadPin
                0x080026f0       0x30 cmake/stm32cubemx/CMakeFiles/STM32_Drivers.dir/__/__/Drivers/STM32F3xx_HAL_Driver/Src/stm32f3xx_hal_gpio.c.obj
                0x080026f0                HAL_GPIO_ReadPin
 .text.__NVIC_SetPriorityGrouping
                0x08002720       0x48 cmake/stm32cubemx/CMakeFiles/STM32_Drivers.dir/__/__/Drivers/STM32F3xx_HAL_Driver/Src/stm32f3xx_hal_cortex.c.obj
 .text.__NVIC_GetPriorityGrouping
                0x08002768       0x1c cmake/stm32cubemx/CMakeFiles/STM32_Drivers.dir/__/__/Drivers/STM32F3xx_HAL_Driver/Src/stm32f3xx_hal_cortex.c.obj
 .text.__NVIC_SetPriority
                0x08002784       0x54 cmake/stm32cubemx/CMakeFiles/STM32_Drivers.dir/__/__/Drivers/STM32F3xx_HAL_Driver/Src/stm32f3xx_hal_cortex.c.obj
 .text.NVIC_EncodePriority
                0x080027d8       0x66 cmake/stm32cubemx/CMakeFiles/STM32_Drivers.dir/__/__/Drivers/STM32F3xx_HAL_Driver/Src/stm32f3xx_hal_cortex.c.obj
 *fill*         0x0800283e        0x2 
 .text.SysTick_Config
                0x08002840       0x44 cmake/stm32cubemx/CMakeFiles/STM32_Drivers.dir/__/__/Drivers/STM32F3xx_HAL_Driver/Src/stm32f3xx_hal_cortex.c.obj
 .text.HAL_NVIC_SetPriorityGrouping
                0x08002884       0x16 cmake/stm32cubemx/CMakeFiles/STM32_Drivers.dir/__/__/Drivers/STM32F3xx_HAL_Driver/Src/stm32f3xx_hal_cortex.c.obj
                0x08002884                HAL_NVIC_SetPriorityGrouping
 .text.HAL_NVIC_SetPriority
                0x0800289a       0x38 cmake/stm32cubemx/CMakeFiles/STM32_Drivers.dir/__/__/Drivers/STM32F3xx_HAL_Driver/Src/stm32f3xx_hal_cortex.c.obj
                0x0800289a                HAL_NVIC_SetPriority
 .text.HAL_SYSTICK_Config
                0x080028d2       0x18 cmake/stm32cubemx/CMakeFiles/STM32_Drivers.dir/__/__/Drivers/STM32F3xx_HAL_Driver/Src/stm32f3xx_hal_cortex.c.obj
                0x080028d2                HAL_SYSTICK_Config
 .text.Button_IsPressed
                0x080028ea       0x40 CMakeFiles/Test_0703_OLED.dir/Core/Src/main.c.obj
                0x080028ea                Button_IsPressed
 *fill*         0x0800292a        0x2 
 .text.OLED_ShowMessage
                0x0800292c       0x4c CMakeFiles/Test_0703_OLED.dir/Core/Src/main.c.obj
                0x0800292c                OLED_ShowMessage
 .text.OLED_ShowArrowMessageAt
                0x08002978       0x64 CMakeFiles/Test_0703_OLED.dir/Core/Src/main.c.obj
                0x08002978                OLED_ShowArrowMessageAt
 .text.OLED_DrawClippedPixel
                0x080029dc       0x48 CMakeFiles/Test_0703_OLED.dir/Core/Src/main.c.obj
                0x080029dc                OLED_DrawClippedPixel
 .text.OLED_DrawArrow
                0x08002a24      0x16e CMakeFiles/Test_0703_OLED.dir/Core/Src/main.c.obj
                0x08002a24                OLED_DrawArrow
 *fill*         0x08002b92        0x2 
 .text.main     0x08002b94      0x244 CMakeFiles/Test_0703_OLED.dir/Core/Src/main.c.obj
                0x08002b94                main
 .text.SystemClock_Config
                0x08002dd8       0xa4 CMakeFiles/Test_0703_OLED.dir/Core/Src/main.c.obj
                0x08002dd8                SystemClock_Config
 .text.Error_Handler
                0x08002e7c        0xc CMakeFiles/Test_0703_OLED.dir/Core/Src/main.c.obj
                0x08002e7c                Error_Handler
 .text.MX_GPIO_Init
                0x08002e88      0x148 CMakeFiles/Test_0703_OLED.dir/Core/Src/gpio.c.obj
                0x08002e88                MX_GPIO_Init
 .text.MX_I2C1_Init
                0x08002fd0       0x80 CMakeFiles/Test_0703_OLED.dir/Core/Src/i2c.c.obj
                0x08002fd0                MX_I2C1_Init
 .text.HAL_I2C_MspInit
                0x08003050       0x88 CMakeFiles/Test_0703_OLED.dir/Core/Src/i2c.c.obj
                0x08003050                HAL_I2C_MspInit
 .text.NMI_Handler
                0x080030d8        0x8 CMakeFiles/Test_0703_OLED.dir/Core/Src/stm32f3xx_it.c.obj
                0x080030d8                NMI_Handler
 .text.HardFault_Handler
                0x080030e0        0x8 CMakeFiles/Test_0703_OLED.dir/Core/Src/stm32f3xx_it.c.obj
                0x080030e0                HardFault_Handler
 .text.MemManage_Handler
                0x080030e8        0x8 CMakeFiles/Test_0703_OLED.dir/Core/Src/stm32f3xx_it.c.obj
                0x080030e8                MemManage_Handler
 .text.BusFault_Handler
                0x080030f0        0x8 CMakeFiles/Test_0703_OLED.dir/Core/Src/stm32f3xx_it.c.obj
                0x080030f0                BusFault_Handler
 .text.UsageFault_Handler
                0x080030f8        0x8 CMakeFiles/Test_0703_OLED.dir/Core/Src/stm32f3xx_it.c.obj
                0x080030f8                UsageFault_Handler
 .text.SVC_Handler
                0x08003100        0xe CMakeFiles/Test_0703_OLED.dir/Core/Src/stm32f3xx_it.c.obj
                0x08003100                SVC_Handler
 .text.DebugMon_Handler
                0x0800310e        0xe CMakeFiles/Test_0703_OLED.dir/Core/Src/stm32f3xx_it.c.obj
                0x0800310e                DebugMon_Handler
 .text.PendSV_Handler
                0x0800311c        0xe CMakeFiles/Test_0703_OLED.dir/Core/Src/stm32f3xx_it.c.obj
                0x0800311c                PendSV_Handler
 .text.SysTick_Handler
                0x0800312a        0xc CMakeFiles/Test_0703_OLED.dir/Core/Src/stm32f3xx_it.c.obj
                0x0800312a                SysTick_Handler
 *fill*         0x08003136        0x2 
 .text.HAL_MspInit
                0x08003138       0x48 CMakeFiles/Test_0703_OLED.dir/Core/Src/stm32f3xx_hal_msp.c.obj
                0x08003138                HAL_MspInit
 .text.Reset_Handler
                0x08003180       0x50 CMakeFiles/Test_0703_OLED.dir/startup_stm32f303xe.s.obj
                0x08003180                Reset_Handler
 .text.Default_Handler
                0x080031d0        0x2 CMakeFiles/Test_0703_OLED.dir/startup_stm32f303xe.s.obj
                0x080031d0                RTC_Alarm_IRQHandler
                0x080031d0                TIM8_TRG_COM_IRQHandler
                0x080031d0                TIM8_CC_IRQHandler
                0x080031d0                SPI4_IRQHandler
                0x080031d0                TIM1_CC_IRQHandler
                0x080031d0                USB_HP_IRQHandler
                0x080031d0                PVD_IRQHandler
                0x080031d0                TAMP_STAMP_IRQHandler
                0x080031d0                EXTI3_IRQHandler
                0x080031d0                I2C3_ER_IRQHandler
                0x080031d0                USB_HP_CAN_TX_IRQHandler
                0x080031d0                EXTI0_IRQHandler
                0x080031d0                I2C2_EV_IRQHandler
                0x080031d0                FPU_IRQHandler
                0x080031d0                TIM1_UP_TIM16_IRQHandler
                0x080031d0                ADC1_2_IRQHandler
                0x080031d0                SPI1_IRQHandler
                0x080031d0                CAN_SCE_IRQHandler
                0x080031d0                TIM6_DAC_IRQHandler
                0x080031d0                TIM8_UP_IRQHandler
                0x080031d0                DMA2_Channel2_IRQHandler
                0x080031d0                DMA1_Channel4_IRQHandler
                0x080031d0                TIM20_TRG_COM_IRQHandler
                0x080031d0                USART3_IRQHandler
                0x080031d0                DMA1_Channel7_IRQHandler
                0x080031d0                UART5_IRQHandler
                0x080031d0                ADC3_IRQHandler
                0x080031d0                TIM4_IRQHandler
                0x080031d0                CAN_RX1_IRQHandler
                0x080031d0                DMA2_Channel1_IRQHandler
                0x080031d0                I2C1_EV_IRQHandler
                0x080031d0                DMA1_Channel6_IRQHandler
                0x080031d0                UART4_IRQHandler
                0x080031d0                DMA2_Channel4_IRQHandler
                0x080031d0                TIM3_IRQHandler
                0x080031d0                RCC_IRQHandler
                0x080031d0                TIM20_UP_IRQHandler
                0x080031d0                DMA1_Channel1_IRQHandler
                0x080031d0                Default_Handler
                0x080031d0                USBWakeUp_RMP_IRQHandler
                0x080031d0                EXTI15_10_IRQHandler
                0x080031d0                TIM7_IRQHandler
                0x080031d0                I2C3_EV_IRQHandler
                0x080031d0                EXTI9_5_IRQHandler
                0x080031d0                RTC_WKUP_IRQHandler
                0x080031d0                SPI2_IRQHandler
                0x080031d0                USB_LP_CAN_RX0_IRQHandler
                0x080031d0                DMA2_Channel5_IRQHandler
                0x080031d0                DMA1_Channel5_IRQHandler
                0x080031d0                USB_LP_IRQHandler
                0x080031d0                EXTI4_IRQHandler
                0x080031d0                TIM1_TRG_COM_TIM17_IRQHandler
                0x080031d0                DMA1_Channel3_IRQHandler
                0x080031d0                ADC4_IRQHandler
                0x080031d0                WWDG_IRQHandler
                0x080031d0                TIM2_IRQHandler
                0x080031d0                COMP7_IRQHandler
                0x080031d0                COMP1_2_3_IRQHandler
                0x080031d0                EXTI1_IRQHandler
                0x080031d0                USART2_IRQHandler
                0x080031d0                COMP4_5_6_IRQHandler
                0x080031d0                TIM20_BRK_IRQHandler
                0x080031d0                I2C2_ER_IRQHandler
                0x080031d0                DMA1_Channel2_IRQHandler
                0x080031d0                TIM8_BRK_IRQHandler
                0x080031d0                FLASH_IRQHandler
                0x080031d0                TIM20_CC_IRQHandler
                0x080031d0                USART1_IRQHandler
                0x080031d0                SPI3_IRQHandler
                0x080031d0                I2C1_ER_IRQHandler
                0x080031d0                FMC_IRQHandler
                0x080031d0                USBWakeUp_IRQHandler
                0x080031d0                DMA2_Channel3_IRQHandler
                0x080031d0                EXTI2_TSC_IRQHandler
                0x080031d0                TIM1_BRK_TIM15_IRQHandler
 *fill*         0x080031d2        0x2 
 .text.ssd1306_write_command
                0x080031d4       0x34 CMakeFiles/Test_0703_OLED.dir/Core/Src/ssd1306.c.obj
                0x080031d4                ssd1306_write_command
 .text.ssd1306_write_data
                0x08003208       0x78 CMakeFiles/Test_0703_OLED.dir/Core/Src/ssd1306.c.obj
                0x08003208                ssd1306_write_data
 .text.charge_bump_setting
                0x08003280       0x20 CMakeFiles/Test_0703_OLED.dir/Core/Src/ssd1306.c.obj
                0x08003280                charge_bump_setting
 .text.set_contrast_control
                0x080032a0       0x20 CMakeFiles/Test_0703_OLED.dir/Core/Src/ssd1306.c.obj
                0x080032a0                set_contrast_control
 .text.entire_display_off
                0x080032c0        0xe CMakeFiles/Test_0703_OLED.dir/Core/Src/ssd1306.c.obj
                0x080032c0                entire_display_off
 .text.set_normal_display
                0x080032ce        0xe CMakeFiles/Test_0703_OLED.dir/Core/Src/ssd1306.c.obj
                0x080032ce                set_normal_display
 .text.set_display_off
                0x080032dc        0xe CMakeFiles/Test_0703_OLED.dir/Core/Src/ssd1306.c.obj
                0x080032dc                set_display_off
 .text.set_display_on
                0x080032ea        0xe CMakeFiles/Test_0703_OLED.dir/Core/Src/ssd1306.c.obj
                0x080032ea                set_display_on
 .text.set_memory_addressing_mode
                0x080032f8       0x20 CMakeFiles/Test_0703_OLED.dir/Core/Src/ssd1306.c.obj
                0x080032f8                set_memory_addressing_mode
 .text.set_column_address
                0x08003318       0x2e CMakeFiles/Test_0703_OLED.dir/Core/Src/ssd1306.c.obj
                0x08003318                set_column_address
 .text.set_page_address
                0x08003346       0x2e CMakeFiles/Test_0703_OLED.dir/Core/Src/ssd1306.c.obj
                0x08003346                set_page_address
 .text.set_display_start_line
                0x08003374       0x2a CMakeFiles/Test_0703_OLED.dir/Core/Src/ssd1306.c.obj
                0x08003374                set_display_start_line
 .text.set_segment_remap
                0x0800339e       0x24 CMakeFiles/Test_0703_OLED.dir/Core/Src/ssd1306.c.obj
                0x0800339e                set_segment_remap
 .text.set_multiplex_ratio
                0x080033c2       0x20 CMakeFiles/Test_0703_OLED.dir/Core/Src/ssd1306.c.obj
                0x080033c2                set_multiplex_ratio
 .text.set_com_output_scan_direction
                0x080033e2       0x24 CMakeFiles/Test_0703_OLED.dir/Core/Src/ssd1306.c.obj
                0x080033e2                set_com_output_scan_direction
 .text.set_display_offset
                0x08003406       0x20 CMakeFiles/Test_0703_OLED.dir/Core/Src/ssd1306.c.obj
                0x08003406                set_display_offset
 .text.set_com_pins_hardware_config
                0x08003426       0x4c CMakeFiles/Test_0703_OLED.dir/Core/Src/ssd1306.c.obj
                0x08003426                set_com_pins_hardware_config
 .text.set_display_clock_divide_ratio_and_osc_freq
                0x08003472       0x3c CMakeFiles/Test_0703_OLED.dir/Core/Src/ssd1306.c.obj
                0x08003472                set_display_clock_divide_ratio_and_osc_freq
 .text.set_pre_charge_period
                0x080034ae       0x3c CMakeFiles/Test_0703_OLED.dir/Core/Src/ssd1306.c.obj
                0x080034ae                set_pre_charge_period
 .text.set_v_comh_deselect_level
                0x080034ea       0x20 CMakeFiles/Test_0703_OLED.dir/Core/Src/ssd1306.c.obj
                0x080034ea                set_v_comh_deselect_level
 .text.ssd1306_init
                0x0800350a       0x74 CMakeFiles/Test_0703_OLED.dir/Core/Src/ssd1306.c.obj
                0x0800350a                ssd1306_init
 *fill*         0x0800357e        0x2 
 .text.ssd1306_update_screen
                0x08003580       0x28 CMakeFiles/Test_0703_OLED.dir/Core/Src/ssd1306.c.obj
                0x08003580                ssd1306_update_screen
 .text.ssd1306_black_screen
                0x080035a8       0x20 CMakeFiles/Test_0703_OLED.dir/Core/Src/ssd1306.c.obj
                0x080035a8                ssd1306_black_screen
 .text.ssd1306_black_pixel
                0x080035c8       0x64 CMakeFiles/Test_0703_OLED.dir/Core/Src/ssd1306.c.obj
                0x080035c8                ssd1306_black_pixel
 .text.ssd1306_white_pixel
                0x0800362c       0x60 CMakeFiles/Test_0703_OLED.dir/Core/Src/ssd1306.c.obj
                0x0800362c                ssd1306_white_pixel
 .text.ssd1306_write_char
                0x0800368c       0xf0 CMakeFiles/Test_0703_OLED.dir/Core/Src/ssd1306.c.obj
                0x0800368c                ssd1306_write_char
 .text.ssd1306_write_string
                0x0800377c       0x46 CMakeFiles/Test_0703_OLED.dir/Core/Src/ssd1306.c.obj
                0x0800377c                ssd1306_write_string
 *fill*         0x080037c2        0x2 
 .text.ssd1306_set_cursor
                0x080037c4       0x2c CMakeFiles/Test_0703_OLED.dir/Core/Src/ssd1306.c.obj
                0x080037c4                ssd1306_set_cursor
 .text.memset   0x080037f0       0x10 C:/ST/STM32CubeCLT_1.21.0/GNU-tools-for-STM32/bin/../lib/gcc/arm-none-eabi/14.3.1/../../../../arm-none-eabi/lib/thumb/v7e-m+fp/hard\libg_nano.a(libc_a-memset.o)
                0x080037f0                memset
 .text.__libc_init_array
                0x08003800       0x48 C:/ST/STM32CubeCLT_1.21.0/GNU-tools-for-STM32/bin/../lib/gcc/arm-none-eabi/14.3.1/../../../../arm-none-eabi/lib/thumb/v7e-m+fp/hard\libg_nano.a(libc_a-init.o)
                0x08003800                __libc_init_array
 .text.memcpy   0x08003848       0x1c C:/ST/STM32CubeCLT_1.21.0/GNU-tools-for-STM32/bin/../lib/gcc/arm-none-eabi/14.3.1/../../../../arm-none-eabi/lib/thumb/v7e-m+fp/hard\libg_nano.a(libc_a-memcpy-stub.o)
                0x08003848                memcpy
 *(.glue_7)
 .glue_7        0x08003864        0x0 linker stubs
 *(.glue_7t)
 .glue_7t       0x08003864        0x0 linker stubs
 *(.eh_frame)
 .eh_frame      0x08003864        0x0 C:/ST/STM32CubeCLT_1.21.0/GNU-tools-for-STM32/bin/../lib/gcc/arm-none-eabi/14.3.1/thumb/v7e-m+fp/hard/crtbegin.o
 *(.init)
 .init          0x08003864        0x4 C:/ST/STM32CubeCLT_1.21.0/GNU-tools-for-STM32/bin/../lib/gcc/arm-none-eabi/14.3.1/thumb/v7e-m+fp/hard/crti.o
                0x08003864                _init
 .init          0x08003868        0x8 C:/ST/STM32CubeCLT_1.21.0/GNU-tools-for-STM32/bin/../lib/gcc/arm-none-eabi/14.3.1/thumb/v7e-m+fp/hard/crtn.o
 *(.fini)
 .fini          0x08003870        0x4 C:/ST/STM32CubeCLT_1.21.0/GNU-tools-for-STM32/bin/../lib/gcc/arm-none-eabi/14.3.1/thumb/v7e-m+fp/hard/crti.o
                0x08003870                _fini
 .fini          0x08003874        0x8 C:/ST/STM32CubeCLT_1.21.0/GNU-tools-for-STM32/bin/../lib/gcc/arm-none-eabi/14.3.1/thumb/v7e-m+fp/hard/crtn.o
                0x0800387c                        . = ALIGN (0x4)
                0x0800387c                        _etext = .

.vfp11_veneer   0x0800387c        0x0
 .vfp11_veneer  0x0800387c        0x0 linker stubs

.v4_bx          0x0800387c        0x0
 .v4_bx         0x0800387c        0x0 linker stubs

.iplt           0x0800387c        0x0
 .iplt          0x0800387c        0x0 C:/ST/STM32CubeCLT_1.21.0/GNU-tools-for-STM32/bin/../lib/gcc/arm-none-eabi/14.3.1/thumb/v7e-m+fp/hard/crtbegin.o

.rodata         0x0800387c     0x1570
                0x0800387c                        . = ALIGN (0x4)
 *(.rodata)
 .rodata        0x0800387c       0x75 CMakeFiles/Test_0703_OLED.dir/Core/Src/main.c.obj
 *(.rodata*)
 *fill*         0x080038f1        0x3 
 .rodata.AHBPrescTable
                0x080038f4       0x10 cmake/stm32cubemx/CMakeFiles/STM32_Drivers.dir/__/__/Core/Src/system_stm32f3xx.c.obj
                0x080038f4                AHBPrescTable
 .rodata.aPLLMULFactorTable
                0x08003904       0x10 cmake/stm32cubemx/CMakeFiles/STM32_Drivers.dir/__/__/Drivers/STM32F3xx_HAL_Driver/Src/stm32f3xx_hal_rcc.c.obj
 .rodata.aPredivFactorTable
                0x08003914       0x10 cmake/stm32cubemx/CMakeFiles/STM32_Drivers.dir/__/__/Drivers/STM32F3xx_HAL_Driver/Src/stm32f3xx_hal_rcc.c.obj
 .rodata.font7x10_data
                0x08003924      0x76c CMakeFiles/Test_0703_OLED.dir/Core/Src/ssd1306_font.c.obj
 .rodata.font11x18_data
                0x08004090      0xd5c CMakeFiles/Test_0703_OLED.dir/Core/Src/ssd1306_font.c.obj
                0x08004dec                        . = ALIGN (0x4)

.ARM.extab      0x08004dec        0x0
                0x08004dec                        . = ALIGN (0x4)
 *(.ARM.extab* .gnu.linkonce.armextab.*)
                0x08004dec                        . = ALIGN (0x4)

.ARM            0x08004dec        0x0
                0x08004dec                        . = ALIGN (0x4)
                0x08004dec                        __exidx_start = .
 *(.ARM.exidx*)
                0x08004dec                        __exidx_end = .
                0x08004dec                        . = ALIGN (0x4)

.preinit_array  0x08004dec        0x0
                0x08004dec                        . = ALIGN (0x4)
                0x08004dec                        PROVIDE (__preinit_array_start = .)
 *(.preinit_array*)
                0x08004dec                        PROVIDE (__preinit_array_end = .)
                0x08004dec                        . = ALIGN (0x4)

.init_array     0x08004dec        0x4
                0x08004dec                        . = ALIGN (0x4)
                0x08004dec                        PROVIDE (__init_array_start = .)
 *(SORT_BY_NAME(.init_array.*))
 *(.init_array*)
 .init_array    0x08004dec        0x4 C:/ST/STM32CubeCLT_1.21.0/GNU-tools-for-STM32/bin/../lib/gcc/arm-none-eabi/14.3.1/thumb/v7e-m+fp/hard/crtbegin.o
                0x08004df0                        PROVIDE (__init_array_end = .)
                0x08004df0                        . = ALIGN (0x4)

.fini_array     0x08004df0        0x4
                0x08004df0                        . = ALIGN (0x4)
                [!provide]                        PROVIDE (__fini_array_start = .)
 *(SORT_BY_NAME(.fini_array.*))
 *(.fini_array*)
 .fini_array    0x08004df0        0x4 C:/ST/STM32CubeCLT_1.21.0/GNU-tools-for-STM32/bin/../lib/gcc/arm-none-eabi/14.3.1/thumb/v7e-m+fp/hard/crtbegin.o
                [!provide]                        PROVIDE (__fini_array_end = .)
                0x08004df4                        . = ALIGN (0x4)
                0x08004df4                        _siccmram = LOADADDR (.ccmram)

.rel.dyn        0x08004df4        0x0
 .rel.iplt      0x08004df4        0x0 C:/ST/STM32CubeCLT_1.21.0/GNU-tools-for-STM32/bin/../lib/gcc/arm-none-eabi/14.3.1/thumb/v7e-m+fp/hard/crtbegin.o

.ccmram         0x10000000        0x0 load address 0x08004df4
                0x10000000                        . = ALIGN (0x4)
                0x10000000                        _sccmram = .
 *(.ccmram)
 *(.ccmram*)
                0x10000000                        . = ALIGN (0x4)
                0x10000000                        _eccmram = .
                0x08004df4                        _sidata = LOADADDR (.data)

.data           0x20000000       0x1c load address 0x08004df4
                0x20000000                        . = ALIGN (0x4)
                0x20000000                        _sdata = .
 *(.data)
 *(.data*)
 .data.SystemCoreClock
                0x20000000        0x4 cmake/stm32cubemx/CMakeFiles/STM32_Drivers.dir/__/__/Core/Src/system_stm32f3xx.c.obj
                0x20000000                SystemCoreClock
 .data.uwTickPrio
                0x20000004        0x4 cmake/stm32cubemx/CMakeFiles/STM32_Drivers.dir/__/__/Drivers/STM32F3xx_HAL_Driver/Src/stm32f3xx_hal.c.obj
                0x20000004                uwTickPrio
 .data.uwTickFreq
                0x20000008        0x1 cmake/stm32cubemx/CMakeFiles/STM32_Drivers.dir/__/__/Drivers/STM32F3xx_HAL_Driver/Src/stm32f3xx_hal.c.obj
                0x20000008                uwTickFreq
 *fill*         0x20000009        0x3 
 .data.font7x10
                0x2000000c        0x8 CMakeFiles/Test_0703_OLED.dir/Core/Src/ssd1306_font.c.obj
                0x2000000c                font7x10
 .data.font11x18
                0x20000014        0x8 CMakeFiles/Test_0703_OLED.dir/Core/Src/ssd1306_font.c.obj
                0x20000014                font11x18
 *(.RamFunc)
 *(.RamFunc*)
                0x2000001c                        . = ALIGN (0x4)

.igot.plt       0x2000001c        0x0 load address 0x08004e10
 .igot.plt      0x2000001c        0x0 C:/ST/STM32CubeCLT_1.21.0/GNU-tools-for-STM32/bin/../lib/gcc/arm-none-eabi/14.3.1/thumb/v7e-m+fp/hard/crtbegin.o

.tdata          0x2000001c        0x0 load address 0x08004e10
 *(.tdata .tdata.* .gnu.linkonce.td.*)
                0x2000001c                        . = ALIGN (0x4)
                0x2000001c                        _edata = .
                [!provide]                        PROVIDE (__data_end = .)
                [!provide]                        PROVIDE (__tdata_end = .)
                [!provide]                        PROVIDE (__tdata_start = ADDR (.tdata))
                [!provide]                        PROVIDE (__tdata_size = (__tdata_end - __tdata_start))
                [!provide]                        PROVIDE (__data_start = ADDR (.data))
                [!provide]                        PROVIDE (__data_size = (__data_end - __data_start))
                [!provide]                        PROVIDE (__tdata_source = LOADADDR (.tdata))
                [!provide]                        PROVIDE (__tdata_source_end = (LOADADDR (.tdata) + SIZEOF (.tdata)))
                [!provide]                        PROVIDE (__tdata_source_size = (__tdata_source_end - __tdata_source))
                [!provide]                        PROVIDE (__data_source = LOADADDR (.data))
                [!provide]                        PROVIDE (__data_source_end = __tdata_source_end)
                [!provide]                        PROVIDE (__data_source_size = (__data_source_end - __data_source))

.tbss           0x2000001c        0x0 load address 0x08004e10
                0x2000001c                        _sbss = .
                0x2000001c                        __bss_start__ = _sbss
 *(.tbss .tbss.*)
                0x2000001c                        . = ALIGN (0x4)
                [!provide]                        PROVIDE (__tbss_end = .)
                [!provide]                        PROVIDE (__tbss_start = ADDR (.tbss))
                [!provide]                        PROVIDE (__tbss_size = (__tbss_end - __tbss_start))
                [!provide]                        PROVIDE (__tbss_offset = (ADDR (.tbss) - ADDR (.tdata)))
                [!provide]                        PROVIDE (__tls_base = __tdata_start)
                [!provide]                        PROVIDE (__tls_end = __tbss_end)
                [!provide]                        PROVIDE (__tls_size = (__tls_end - __tls_base))
                [!provide]                        PROVIDE (__tls_align = MAX (ALIGNOF (.tdata), ALIGNOF (.tbss)))
                [!provide]                        PROVIDE (__tls_size_align = (((__tls_size + __tls_align) - 0x1) & ~ ((__tls_align - 0x1))))
                [!provide]                        PROVIDE (__arm32_tls_tcb_offset = MAX (0x8, __tls_align))
                [!provide]                        PROVIDE (__arm64_tls_tcb_offset = MAX (0x10, __tls_align))

.bss            0x2000001c      0x478 load address 0x08004e10
 *(.bss)
 .bss           0x2000001c       0x1c C:/ST/STM32CubeCLT_1.21.0/GNU-tools-for-STM32/bin/../lib/gcc/arm-none-eabi/14.3.1/thumb/v7e-m+fp/hard/crtbegin.o
 *(.bss*)
 .bss.uwTick    0x20000038        0x4 cmake/stm32cubemx/CMakeFiles/STM32_Drivers.dir/__/__/Drivers/STM32F3xx_HAL_Driver/Src/stm32f3xx_hal.c.obj
                0x20000038                uwTick
 .bss.hi2c1     0x2000003c       0x54 CMakeFiles/Test_0703_OLED.dir/Core/Src/i2c.c.obj
                0x2000003c                hi2c1
 .bss.ssd1306_buffer
                0x20000090      0x400 CMakeFiles/Test_0703_OLED.dir/Core/Src/ssd1306.c.obj
 .bss.ssd1306_cursor
                0x20000490        0x2 CMakeFiles/Test_0703_OLED.dir/Core/Src/ssd1306.c.obj
 *(COMMON)
                0x20000494                        . = ALIGN (0x4)
 *fill*         0x20000492        0x2 
                0x20000494                        _ebss = .
                0x20000494                        __bss_end__ = _ebss
                [!provide]                        PROVIDE (__bss_end = .)
                [!provide]                        PROVIDE (__non_tls_bss_start = ADDR (.bss))
                [!provide]                        PROVIDE (__bss_start = __tbss_start)
                [!provide]                        PROVIDE (__bss_size = (__bss_end - __bss_start))

._user_heap_stack
                0x20000494      0x604 load address 0x08004e10
                0x20000498                        . = ALIGN (0x8)
 *fill*         0x20000494        0x4 
                [!provide]                        PROVIDE (end = .)
                0x20000498                        PROVIDE (_end = .)
                0x20000698                        . = (. + _Min_Heap_Size)
 *fill*         0x20000498      0x200 
                0x20000a98                        . = (. + _Min_Stack_Size)
 *fill*         0x20000698      0x400 
                0x20000a98                        . = ALIGN (0x8)

/DISCARD/
 libc.a:*(*)
 libm.a:*(*)
 libgcc.a:*(*)
OUTPUT(Test_0703_OLED.elf elf32-littlearm)
LOAD linker stubs

.ARM.attributes
                0x00000000       0x30
 .ARM.attributes
                0x00000000       0x22 C:/ST/STM32CubeCLT_1.21.0/GNU-tools-for-STM32/bin/../lib/gcc/arm-none-eabi/14.3.1/thumb/v7e-m+fp/hard/crti.o
 .ARM.attributes
                0x00000022       0x34 C:/ST/STM32CubeCLT_1.21.0/GNU-tools-for-STM32/bin/../lib/gcc/arm-none-eabi/14.3.1/thumb/v7e-m+fp/hard/crtbegin.o
 .ARM.attributes
                0x00000056       0x34 cmake/stm32cubemx/CMakeFiles/STM32_Drivers.dir/__/__/Core/Src/system_stm32f3xx.c.obj
 .ARM.attributes
                0x0000008a       0x34 cmake/stm32cubemx/CMakeFiles/STM32_Drivers.dir/__/__/Drivers/STM32F3xx_HAL_Driver/Src/stm32f3xx_hal_i2c.c.obj
 .ARM.attributes
                0x000000be       0x34 cmake/stm32cubemx/CMakeFiles/STM32_Drivers.dir/__/__/Drivers/STM32F3xx_HAL_Driver/Src/stm32f3xx_hal_i2c_ex.c.obj
 .ARM.attributes
                0x000000f2       0x34 cmake/stm32cubemx/CMakeFiles/STM32_Drivers.dir/__/__/Drivers/STM32F3xx_HAL_Driver/Src/stm32f3xx_hal.c.obj
 .ARM.attributes
                0x00000126       0x34 cmake/stm32cubemx/CMakeFiles/STM32_Drivers.dir/__/__/Drivers/STM32F3xx_HAL_Driver/Src/stm32f3xx_hal_rcc.c.obj
 .ARM.attributes
                0x0000015a       0x34 cmake/stm32cubemx/CMakeFiles/STM32_Drivers.dir/__/__/Drivers/STM32F3xx_HAL_Driver/Src/stm32f3xx_hal_rcc_ex.c.obj
 .ARM.attributes
                0x0000018e       0x34 cmake/stm32cubemx/CMakeFiles/STM32_Drivers.dir/__/__/Drivers/STM32F3xx_HAL_Driver/Src/stm32f3xx_hal_gpio.c.obj
 .ARM.attributes
                0x000001c2       0x34 cmake/stm32cubemx/CMakeFiles/STM32_Drivers.dir/__/__/Drivers/STM32F3xx_HAL_Driver/Src/stm32f3xx_hal_cortex.c.obj
 .ARM.attributes
                0x000001f6       0x34 CMakeFiles/Test_0703_OLED.dir/Core/Src/main.c.obj
 .ARM.attributes
                0x0000022a       0x34 CMakeFiles/Test_0703_OLED.dir/Core/Src/gpio.c.obj
 .ARM.attributes
                0x0000025e       0x34 CMakeFiles/Test_0703_OLED.dir/Core/Src/i2c.c.obj
 .ARM.attributes
                0x00000292       0x34 CMakeFiles/Test_0703_OLED.dir/Core/Src/stm32f3xx_it.c.obj
 .ARM.attributes
                0x000002c6       0x34 CMakeFiles/Test_0703_OLED.dir/Core/Src/stm32f3xx_hal_msp.c.obj
 .ARM.attributes
                0x000002fa       0x21 CMakeFiles/Test_0703_OLED.dir/startup_stm32f303xe.s.obj
 .ARM.attributes
                0x0000031b       0x34 CMakeFiles/Test_0703_OLED.dir/Core/Src/ssd1306.c.obj
 .ARM.attributes
                0x0000034f       0x34 CMakeFiles/Test_0703_OLED.dir/Core/Src/ssd1306_font.c.obj
 .ARM.attributes
                0x00000383       0x34 C:/ST/STM32CubeCLT_1.21.0/GNU-tools-for-STM32/bin/../lib/gcc/arm-none-eabi/14.3.1/../../../../arm-none-eabi/lib/thumb/v7e-m+fp/hard\libg_nano.a(libc_a-memset.o)
 .ARM.attributes
                0x000003b7       0x34 C:/ST/STM32CubeCLT_1.21.0/GNU-tools-for-STM32/bin/../lib/gcc/arm-none-eabi/14.3.1/../../../../arm-none-eabi/lib/thumb/v7e-m+fp/hard\libg_nano.a(libc_a-init.o)
 .ARM.attributes
                0x000003eb       0x34 C:/ST/STM32CubeCLT_1.21.0/GNU-tools-for-STM32/bin/../lib/gcc/arm-none-eabi/14.3.1/../../../../arm-none-eabi/lib/thumb/v7e-m+fp/hard\libg_nano.a(libc_a-memcpy-stub.o)
 .ARM.attributes
                0x0000041f       0x22 C:/ST/STM32CubeCLT_1.21.0/GNU-tools-for-STM32/bin/../lib/gcc/arm-none-eabi/14.3.1/thumb/v7e-m+fp/hard/crtn.o

.comment        0x00000000       0x43
 .comment       0x00000000       0x43 cmake/stm32cubemx/CMakeFiles/STM32_Drivers.dir/__/__/Core/Src/system_stm32f3xx.c.obj
                                 0x44 (size before relaxing)
 .comment       0x00000043       0x44 cmake/stm32cubemx/CMakeFiles/STM32_Drivers.dir/__/__/Drivers/STM32F3xx_HAL_Driver/Src/stm32f3xx_hal_i2c.c.obj
 .comment       0x00000043       0x44 cmake/stm32cubemx/CMakeFiles/STM32_Drivers.dir/__/__/Drivers/STM32F3xx_HAL_Driver/Src/stm32f3xx_hal_i2c_ex.c.obj
 .comment       0x00000043       0x44 cmake/stm32cubemx/CMakeFiles/STM32_Drivers.dir/__/__/Drivers/STM32F3xx_HAL_Driver/Src/stm32f3xx_hal.c.obj
 .comment       0x00000043       0x44 cmake/stm32cubemx/CMakeFiles/STM32_Drivers.dir/__/__/Drivers/STM32F3xx_HAL_Driver/Src/stm32f3xx_hal_rcc.c.obj
 .comment       0x00000043       0x44 cmake/stm32cubemx/CMakeFiles/STM32_Drivers.dir/__/__/Drivers/STM32F3xx_HAL_Driver/Src/stm32f3xx_hal_rcc_ex.c.obj
 .comment       0x00000043       0x44 cmake/stm32cubemx/CMakeFiles/STM32_Drivers.dir/__/__/Drivers/STM32F3xx_HAL_Driver/Src/stm32f3xx_hal_gpio.c.obj
 .comment       0x00000043       0x44 cmake/stm32cubemx/CMakeFiles/STM32_Drivers.dir/__/__/Drivers/STM32F3xx_HAL_Driver/Src/stm32f3xx_hal_cortex.c.obj
 .comment       0x00000043       0x44 CMakeFiles/Test_0703_OLED.dir/Core/Src/main.c.obj
 .comment       0x00000043       0x44 CMakeFiles/Test_0703_OLED.dir/Core/Src/gpio.c.obj
 .comment       0x00000043       0x44 CMakeFiles/Test_0703_OLED.dir/Core/Src/i2c.c.obj
 .comment       0x00000043       0x44 CMakeFiles/Test_0703_OLED.dir/Core/Src/stm32f3xx_it.c.obj
 .comment       0x00000043       0x44 CMakeFiles/Test_0703_OLED.dir/Core/Src/stm32f3xx_hal_msp.c.obj
 .comment       0x00000043       0x44 CMakeFiles/Test_0703_OLED.dir/Core/Src/ssd1306.c.obj
 .comment       0x00000043       0x44 CMakeFiles/Test_0703_OLED.dir/Core/Src/ssd1306_font.c.obj
 .comment       0x00000043       0x44 C:/ST/STM32CubeCLT_1.21.0/GNU-tools-for-STM32/bin/../lib/gcc/arm-none-eabi/14.3.1/../../../../arm-none-eabi/lib/thumb/v7e-m+fp/hard\libg_nano.a(libc_a-memset.o)
 .comment       0x00000043       0x44 C:/ST/STM32CubeCLT_1.21.0/GNU-tools-for-STM32/bin/../lib/gcc/arm-none-eabi/14.3.1/../../../../arm-none-eabi/lib/thumb/v7e-m+fp/hard\libg_nano.a(libc_a-init.o)
 .comment       0x00000043       0x44 C:/ST/STM32CubeCLT_1.21.0/GNU-tools-for-STM32/bin/../lib/gcc/arm-none-eabi/14.3.1/../../../../arm-none-eabi/lib/thumb/v7e-m+fp/hard\libg_nano.a(libc_a-memcpy-stub.o)

.debug_info     0x00000000     0x8d0b
 .debug_info    0x00000000      0x407 cmake/stm32cubemx/CMakeFiles/STM32_Drivers.dir/__/__/Core/Src/system_stm32f3xx.c.obj
 .debug_info    0x00000407     0x20c3 cmake/stm32cubemx/CMakeFiles/STM32_Drivers.dir/__/__/Drivers/STM32F3xx_HAL_Driver/Src/stm32f3xx_hal_i2c.c.obj
 .debug_info    0x000024ca      0x8c0 cmake/stm32cubemx/CMakeFiles/STM32_Drivers.dir/__/__/Drivers/STM32F3xx_HAL_Driver/Src/stm32f3xx_hal_i2c_ex.c.obj
 .debug_info    0x00002d8a      0x804 cmake/stm32cubemx/CMakeFiles/STM32_Drivers.dir/__/__/Drivers/STM32F3xx_HAL_Driver/Src/stm32f3xx_hal.c.obj
 .debug_info    0x0000358e     0x149a cmake/stm32cubemx/CMakeFiles/STM32_Drivers.dir/__/__/Drivers/STM32F3xx_HAL_Driver/Src/stm32f3xx_hal_rcc.c.obj
 .debug_info    0x00004a28      0x61b cmake/stm32cubemx/CMakeFiles/STM32_Drivers.dir/__/__/Drivers/STM32F3xx_HAL_Driver/Src/stm32f3xx_hal_rcc_ex.c.obj
 .debug_info    0x00005043      0x6a6 cmake/stm32cubemx/CMakeFiles/STM32_Drivers.dir/__/__/Drivers/STM32F3xx_HAL_Driver/Src/stm32f3xx_hal_gpio.c.obj
 .debug_info    0x000056e9      0xd14 cmake/stm32cubemx/CMakeFiles/STM32_Drivers.dir/__/__/Drivers/STM32F3xx_HAL_Driver/Src/stm32f3xx_hal_cortex.c.obj
 .debug_info    0x000063fd      0x938 CMakeFiles/Test_0703_OLED.dir/Core/Src/main.c.obj
 .debug_info    0x00006d35      0x319 CMakeFiles/Test_0703_OLED.dir/Core/Src/gpio.c.obj
 .debug_info    0x0000704e      0x8b4 CMakeFiles/Test_0703_OLED.dir/Core/Src/i2c.c.obj
 .debug_info    0x00007902      0x113 CMakeFiles/Test_0703_OLED.dir/Core/Src/stm32f3xx_it.c.obj
 .debug_info    0x00007a15      0x18d CMakeFiles/Test_0703_OLED.dir/Core/Src/stm32f3xx_hal_msp.c.obj
 .debug_info    0x00007ba2       0x30 CMakeFiles/Test_0703_OLED.dir/startup_stm32f303xe.s.obj
 .debug_info    0x00007bd2      0xc58 CMakeFiles/Test_0703_OLED.dir/Core/Src/ssd1306.c.obj
 .debug_info    0x0000882a      0x1d5 CMakeFiles/Test_0703_OLED.dir/Core/Src/ssd1306_font.c.obj
 .debug_info    0x000089ff       0xe0 C:/ST/STM32CubeCLT_1.21.0/GNU-tools-for-STM32/bin/../lib/gcc/arm-none-eabi/14.3.1/../../../../arm-none-eabi/lib/thumb/v7e-m+fp/hard\libg_nano.a(libc_a-memset.o)
 .debug_info    0x00008adf      0x10b C:/ST/STM32CubeCLT_1.21.0/GNU-tools-for-STM32/bin/../lib/gcc/arm-none-eabi/14.3.1/../../../../arm-none-eabi/lib/thumb/v7e-m+fp/hard\libg_nano.a(libc_a-init.o)
 .debug_info    0x00008bea      0x121 C:/ST/STM32CubeCLT_1.21.0/GNU-tools-for-STM32/bin/../lib/gcc/arm-none-eabi/14.3.1/../../../../arm-none-eabi/lib/thumb/v7e-m+fp/hard\libg_nano.a(libc_a-memcpy-stub.o)

.debug_abbrev   0x00000000     0x1e28
 .debug_abbrev  0x00000000      0x11a cmake/stm32cubemx/CMakeFiles/STM32_Drivers.dir/__/__/Core/Src/system_stm32f3xx.c.obj
 .debug_abbrev  0x0000011a      0x260 cmake/stm32cubemx/CMakeFiles/STM32_Drivers.dir/__/__/Drivers/STM32F3xx_HAL_Driver/Src/stm32f3xx_hal_i2c.c.obj
 .debug_abbrev  0x0000037a      0x1c2 cmake/stm32cubemx/CMakeFiles/STM32_Drivers.dir/__/__/Drivers/STM32F3xx_HAL_Driver/Src/stm32f3xx_hal_i2c_ex.c.obj
 .debug_abbrev  0x0000053c      0x215 cmake/stm32cubemx/CMakeFiles/STM32_Drivers.dir/__/__/Drivers/STM32F3xx_HAL_Driver/Src/stm32f3xx_hal.c.obj
 .debug_abbrev  0x00000751      0x300 cmake/stm32cubemx/CMakeFiles/STM32_Drivers.dir/__/__/Drivers/STM32F3xx_HAL_Driver/Src/stm32f3xx_hal_rcc.c.obj
 .debug_abbrev  0x00000a51      0x221 cmake/stm32cubemx/CMakeFiles/STM32_Drivers.dir/__/__/Drivers/STM32F3xx_HAL_Driver/Src/stm32f3xx_hal_rcc_ex.c.obj
 .debug_abbrev  0x00000c72      0x1ca cmake/stm32cubemx/CMakeFiles/STM32_Drivers.dir/__/__/Drivers/STM32F3xx_HAL_Driver/Src/stm32f3xx_hal_gpio.c.obj
 .debug_abbrev  0x00000e3c      0x31e cmake/stm32cubemx/CMakeFiles/STM32_Drivers.dir/__/__/Drivers/STM32F3xx_HAL_Driver/Src/stm32f3xx_hal_cortex.c.obj
 .debug_abbrev  0x0000115a      0x29a CMakeFiles/Test_0703_OLED.dir/Core/Src/main.c.obj
 .debug_abbrev  0x000013f4      0x133 CMakeFiles/Test_0703_OLED.dir/Core/Src/gpio.c.obj
 .debug_abbrev  0x00001527      0x214 CMakeFiles/Test_0703_OLED.dir/Core/Src/i2c.c.obj
 .debug_abbrev  0x0000173b       0x73 CMakeFiles/Test_0703_OLED.dir/Core/Src/stm32f3xx_it.c.obj
 .debug_abbrev  0x000017ae       0xc6 CMakeFiles/Test_0703_OLED.dir/Core/Src/stm32f3xx_hal_msp.c.obj
 .debug_abbrev  0x00001874       0x24 CMakeFiles/Test_0703_OLED.dir/startup_stm32f303xe.s.obj
 .debug_abbrev  0x00001898      0x2a4 CMakeFiles/Test_0703_OLED.dir/Core/Src/ssd1306.c.obj
 .debug_abbrev  0x00001b3c       0xc4 CMakeFiles/Test_0703_OLED.dir/Core/Src/ssd1306_font.c.obj
 .debug_abbrev  0x00001c00       0x9e C:/ST/STM32CubeCLT_1.21.0/GNU-tools-for-STM32/bin/../lib/gcc/arm-none-eabi/14.3.1/../../../../arm-none-eabi/lib/thumb/v7e-m+fp/hard\libg_nano.a(libc_a-memset.o)
 .debug_abbrev  0x00001c9e       0xc9 C:/ST/STM32CubeCLT_1.21.0/GNU-tools-for-STM32/bin/../lib/gcc/arm-none-eabi/14.3.1/../../../../arm-none-eabi/lib/thumb/v7e-m+fp/hard\libg_nano.a(libc_a-init.o)
 .debug_abbrev  0x00001d67       0xc1 C:/ST/STM32CubeCLT_1.21.0/GNU-tools-for-STM32/bin/../lib/gcc/arm-none-eabi/14.3.1/../../../../arm-none-eabi/lib/thumb/v7e-m+fp/hard\libg_nano.a(libc_a-memcpy-stub.o)

.debug_aranges  0x00000000      0x938
 .debug_aranges
                0x00000000       0x28 cmake/stm32cubemx/CMakeFiles/STM32_Drivers.dir/__/__/Core/Src/system_stm32f3xx.c.obj
 .debug_aranges
                0x00000028      0x2a0 cmake/stm32cubemx/CMakeFiles/STM32_Drivers.dir/__/__/Drivers/STM32F3xx_HAL_Driver/Src/stm32f3xx_hal_i2c.c.obj
 .debug_aranges
                0x000002c8       0x48 cmake/stm32cubemx/CMakeFiles/STM32_Drivers.dir/__/__/Drivers/STM32F3xx_HAL_Driver/Src/stm32f3xx_hal_i2c_ex.c.obj
 .debug_aranges
                0x00000310       0xe0 cmake/stm32cubemx/CMakeFiles/STM32_Drivers.dir/__/__/Drivers/STM32F3xx_HAL_Driver/Src/stm32f3xx_hal.c.obj
 .debug_aranges
                0x000003f0       0x88 cmake/stm32cubemx/CMakeFiles/STM32_Drivers.dir/__/__/Drivers/STM32F3xx_HAL_Driver/Src/stm32f3xx_hal_rcc.c.obj
 .debug_aranges
                0x00000478       0x38 cmake/stm32cubemx/CMakeFiles/STM32_Drivers.dir/__/__/Drivers/STM32F3xx_HAL_Driver/Src/stm32f3xx_hal_rcc_ex.c.obj
 .debug_aranges
                0x000004b0       0x58 cmake/stm32cubemx/CMakeFiles/STM32_Drivers.dir/__/__/Drivers/STM32F3xx_HAL_Driver/Src/stm32f3xx_hal_gpio.c.obj
 .debug_aranges
                0x00000508      0x128 cmake/stm32cubemx/CMakeFiles/STM32_Drivers.dir/__/__/Drivers/STM32F3xx_HAL_Driver/Src/stm32f3xx_hal_cortex.c.obj
 .debug_aranges
                0x00000630       0x60 CMakeFiles/Test_0703_OLED.dir/Core/Src/main.c.obj
 .debug_aranges
                0x00000690       0x20 CMakeFiles/Test_0703_OLED.dir/Core/Src/gpio.c.obj
 .debug_aranges
                0x000006b0       0x30 CMakeFiles/Test_0703_OLED.dir/Core/Src/i2c.c.obj
 .debug_aranges
                0x000006e0       0x60 CMakeFiles/Test_0703_OLED.dir/Core/Src/stm32f3xx_it.c.obj
 .debug_aranges
                0x00000740       0x20 CMakeFiles/Test_0703_OLED.dir/Core/Src/stm32f3xx_hal_msp.c.obj
 .debug_aranges
                0x00000760       0x28 CMakeFiles/Test_0703_OLED.dir/startup_stm32f303xe.s.obj
 .debug_aranges
                0x00000788      0x138 CMakeFiles/Test_0703_OLED.dir/Core/Src/ssd1306.c.obj
 .debug_aranges
                0x000008c0       0x18 CMakeFiles/Test_0703_OLED.dir/Core/Src/ssd1306_font.c.obj
 .debug_aranges
                0x000008d8       0x20 C:/ST/STM32CubeCLT_1.21.0/GNU-tools-for-STM32/bin/../lib/gcc/arm-none-eabi/14.3.1/../../../../arm-none-eabi/lib/thumb/v7e-m+fp/hard\libg_nano.a(libc_a-memset.o)
 .debug_aranges
                0x000008f8       0x20 C:/ST/STM32CubeCLT_1.21.0/GNU-tools-for-STM32/bin/../lib/gcc/arm-none-eabi/14.3.1/../../../../arm-none-eabi/lib/thumb/v7e-m+fp/hard\libg_nano.a(libc_a-init.o)
 .debug_aranges
                0x00000918       0x20 C:/ST/STM32CubeCLT_1.21.0/GNU-tools-for-STM32/bin/../lib/gcc/arm-none-eabi/14.3.1/../../../../arm-none-eabi/lib/thumb/v7e-m+fp/hard\libg_nano.a(libc_a-memcpy-stub.o)

.debug_rnglists
                0x00000000      0x6cb
 .debug_rnglists
                0x00000000       0x1a cmake/stm32cubemx/CMakeFiles/STM32_Drivers.dir/__/__/Core/Src/system_stm32f3xx.c.obj
 .debug_rnglists
                0x0000001a      0x228 cmake/stm32cubemx/CMakeFiles/STM32_Drivers.dir/__/__/Drivers/STM32F3xx_HAL_Driver/Src/stm32f3xx_hal_i2c.c.obj
 .debug_rnglists
                0x00000242       0x35 cmake/stm32cubemx/CMakeFiles/STM32_Drivers.dir/__/__/Drivers/STM32F3xx_HAL_Driver/Src/stm32f3xx_hal_i2c_ex.c.obj
 .debug_rnglists
                0x00000277       0xa3 cmake/stm32cubemx/CMakeFiles/STM32_Drivers.dir/__/__/Drivers/STM32F3xx_HAL_Driver/Src/stm32f3xx_hal.c.obj
 .debug_rnglists
                0x0000031a       0x66 cmake/stm32cubemx/CMakeFiles/STM32_Drivers.dir/__/__/Drivers/STM32F3xx_HAL_Driver/Src/stm32f3xx_hal_rcc.c.obj
 .debug_rnglists
                0x00000380       0x29 cmake/stm32cubemx/CMakeFiles/STM32_Drivers.dir/__/__/Drivers/STM32F3xx_HAL_Driver/Src/stm32f3xx_hal_rcc_ex.c.obj
 .debug_rnglists
                0x000003a9       0x3f cmake/stm32cubemx/CMakeFiles/STM32_Drivers.dir/__/__/Drivers/STM32F3xx_HAL_Driver/Src/stm32f3xx_hal_gpio.c.obj
 .debug_rnglists
                0x000003e8       0xda cmake/stm32cubemx/CMakeFiles/STM32_Drivers.dir/__/__/Drivers/STM32F3xx_HAL_Driver/Src/stm32f3xx_hal_cortex.c.obj
 .debug_rnglists
                0x000004c2       0x46 CMakeFiles/Test_0703_OLED.dir/Core/Src/main.c.obj
 .debug_rnglists
                0x00000508       0x14 CMakeFiles/Test_0703_OLED.dir/Core/Src/gpio.c.obj
 .debug_rnglists
                0x0000051c       0x21 CMakeFiles/Test_0703_OLED.dir/Core/Src/i2c.c.obj
 .debug_rnglists
                0x0000053d       0x43 CMakeFiles/Test_0703_OLED.dir/Core/Src/stm32f3xx_it.c.obj
 .debug_rnglists
                0x00000580       0x13 CMakeFiles/Test_0703_OLED.dir/Core/Src/stm32f3xx_hal_msp.c.obj
 .debug_rnglists
                0x00000593       0x19 CMakeFiles/Test_0703_OLED.dir/startup_stm32f303xe.s.obj
 .debug_rnglists
                0x000005ac       0xe6 CMakeFiles/Test_0703_OLED.dir/Core/Src/ssd1306.c.obj
 .debug_rnglists
                0x00000692       0x13 C:/ST/STM32CubeCLT_1.21.0/GNU-tools-for-STM32/bin/../lib/gcc/arm-none-eabi/14.3.1/../../../../arm-none-eabi/lib/thumb/v7e-m+fp/hard\libg_nano.a(libc_a-memset.o)
 .debug_rnglists
                0x000006a5       0x13 C:/ST/STM32CubeCLT_1.21.0/GNU-tools-for-STM32/bin/../lib/gcc/arm-none-eabi/14.3.1/../../../../arm-none-eabi/lib/thumb/v7e-m+fp/hard\libg_nano.a(libc_a-init.o)
 .debug_rnglists
                0x000006b8       0x13 C:/ST/STM32CubeCLT_1.21.0/GNU-tools-for-STM32/bin/../lib/gcc/arm-none-eabi/14.3.1/../../../../arm-none-eabi/lib/thumb/v7e-m+fp/hard\libg_nano.a(libc_a-memcpy-stub.o)

.debug_macro    0x00000000    0x1f19a
 .debug_macro   0x00000000      0x1af cmake/stm32cubemx/CMakeFiles/STM32_Drivers.dir/__/__/Core/Src/system_stm32f3xx.c.obj
 .debug_macro   0x000001af      0xad8 cmake/stm32cubemx/CMakeFiles/STM32_Drivers.dir/__/__/Core/Src/system_stm32f3xx.c.obj
 .debug_macro   0x00000c87       0x2e cmake/stm32cubemx/CMakeFiles/STM32_Drivers.dir/__/__/Core/Src/system_stm32f3xx.c.obj
 .debug_macro   0x00000cb5       0x28 cmake/stm32cubemx/CMakeFiles/STM32_Drivers.dir/__/__/Core/Src/system_stm32f3xx.c.obj
 .debug_macro   0x00000cdd       0x22 cmake/stm32cubemx/CMakeFiles/STM32_Drivers.dir/__/__/Core/Src/system_stm32f3xx.c.obj
 .debug_macro   0x00000cff       0x8e cmake/stm32cubemx/CMakeFiles/STM32_Drivers.dir/__/__/Core/Src/system_stm32f3xx.c.obj
 .debug_macro   0x00000d8d       0x51 cmake/stm32cubemx/CMakeFiles/STM32_Drivers.dir/__/__/Core/Src/system_stm32f3xx.c.obj
 .debug_macro   0x00000dde      0x103 cmake/stm32cubemx/CMakeFiles/STM32_Drivers.dir/__/__/Core/Src/system_stm32f3xx.c.obj
 .debug_macro   0x00000ee1       0x6a cmake/stm32cubemx/CMakeFiles/STM32_Drivers.dir/__/__/Core/Src/system_stm32f3xx.c.obj
 .debug_macro   0x00000f4b      0x1df cmake/stm32cubemx/CMakeFiles/STM32_Drivers.dir/__/__/Core/Src/system_stm32f3xx.c.obj
 .debug_macro   0x0000112a       0x1c cmake/stm32cubemx/CMakeFiles/STM32_Drivers.dir/__/__/Core/Src/system_stm32f3xx.c.obj
 .debug_macro   0x00001146       0x22 cmake/stm32cubemx/CMakeFiles/STM32_Drivers.dir/__/__/Core/Src/system_stm32f3xx.c.obj
 .debug_macro   0x00001168       0xd9 cmake/stm32cubemx/CMakeFiles/STM32_Drivers.dir/__/__/Core/Src/system_stm32f3xx.c.obj
 .debug_macro   0x00001241     0x102d cmake/stm32cubemx/CMakeFiles/STM32_Drivers.dir/__/__/Core/Src/system_stm32f3xx.c.obj
 .debug_macro   0x0000226e      0x11f cmake/stm32cubemx/CMakeFiles/STM32_Drivers.dir/__/__/Core/Src/system_stm32f3xx.c.obj
 .debug_macro   0x0000238d    0x1535a cmake/stm32cubemx/CMakeFiles/STM32_Drivers.dir/__/__/Core/Src/system_stm32f3xx.c.obj
 .debug_macro   0x000176e7       0x6d cmake/stm32cubemx/CMakeFiles/STM32_Drivers.dir/__/__/Core/Src/system_stm32f3xx.c.obj
 .debug_macro   0x00017754      0x152 cmake/stm32cubemx/CMakeFiles/STM32_Drivers.dir/__/__/Core/Src/system_stm32f3xx.c.obj
 .debug_macro   0x000178a6     0x3574 cmake/stm32cubemx/CMakeFiles/STM32_Drivers.dir/__/__/Core/Src/system_stm32f3xx.c.obj
 .debug_macro   0x0001ae1a      0x190 cmake/stm32cubemx/CMakeFiles/STM32_Drivers.dir/__/__/Core/Src/system_stm32f3xx.c.obj
 .debug_macro   0x0001afaa       0x55 cmake/stm32cubemx/CMakeFiles/STM32_Drivers.dir/__/__/Core/Src/system_stm32f3xx.c.obj
 .debug_macro   0x0001afff      0x953 cmake/stm32cubemx/CMakeFiles/STM32_Drivers.dir/__/__/Core/Src/system_stm32f3xx.c.obj
 .debug_macro   0x0001b952      0x84a cmake/stm32cubemx/CMakeFiles/STM32_Drivers.dir/__/__/Core/Src/system_stm32f3xx.c.obj
 .debug_macro   0x0001c19c      0x1b5 cmake/stm32cubemx/CMakeFiles/STM32_Drivers.dir/__/__/Core/Src/system_stm32f3xx.c.obj
 .debug_macro   0x0001c351      0x23a cmake/stm32cubemx/CMakeFiles/STM32_Drivers.dir/__/__/Core/Src/system_stm32f3xx.c.obj
 .debug_macro   0x0001c58b      0x1ea cmake/stm32cubemx/CMakeFiles/STM32_Drivers.dir/__/__/Core/Src/system_stm32f3xx.c.obj
 .debug_macro   0x0001c775      0x1bc cmake/stm32cubemx/CMakeFiles/STM32_Drivers.dir/__/__/Core/Src/system_stm32f3xx.c.obj
 .debug_macro   0x0001c931       0x30 cmake/stm32cubemx/CMakeFiles/STM32_Drivers.dir/__/__/Core/Src/system_stm32f3xx.c.obj
 .debug_macro   0x0001c961       0x3c cmake/stm32cubemx/CMakeFiles/STM32_Drivers.dir/__/__/Core/Src/system_stm32f3xx.c.obj
 .debug_macro   0x0001c99d      0x235 cmake/stm32cubemx/CMakeFiles/STM32_Drivers.dir/__/__/Core/Src/system_stm32f3xx.c.obj
 .debug_macro   0x0001cbd2       0xc5 cmake/stm32cubemx/CMakeFiles/STM32_Drivers.dir/__/__/Core/Src/system_stm32f3xx.c.obj
 .debug_macro   0x0001cc97      0x21d cmake/stm32cubemx/CMakeFiles/STM32_Drivers.dir/__/__/Core/Src/system_stm32f3xx.c.obj
 .debug_macro   0x0001ceb4      0x22c cmake/stm32cubemx/CMakeFiles/STM32_Drivers.dir/__/__/Core/Src/system_stm32f3xx.c.obj
 .debug_macro   0x0001d0e0       0x5b cmake/stm32cubemx/CMakeFiles/STM32_Drivers.dir/__/__/Core/Src/system_stm32f3xx.c.obj
 .debug_macro   0x0001d13b       0xa5 cmake/stm32cubemx/CMakeFiles/STM32_Drivers.dir/__/__/Core/Src/system_stm32f3xx.c.obj
 .debug_macro   0x0001d1e0       0x81 cmake/stm32cubemx/CMakeFiles/STM32_Drivers.dir/__/__/Core/Src/system_stm32f3xx.c.obj
 .debug_macro   0x0001d261       0xd3 cmake/stm32cubemx/CMakeFiles/STM32_Drivers.dir/__/__/Core/Src/system_stm32f3xx.c.obj
 .debug_macro   0x0001d334      0x347 cmake/stm32cubemx/CMakeFiles/STM32_Drivers.dir/__/__/Core/Src/system_stm32f3xx.c.obj
 .debug_macro   0x0001d67b      0x27b cmake/stm32cubemx/CMakeFiles/STM32_Drivers.dir/__/__/Drivers/STM32F3xx_HAL_Driver/Src/stm32f3xx_hal_i2c.c.obj
 .debug_macro   0x0001d8f6      0x1af cmake/stm32cubemx/CMakeFiles/STM32_Drivers.dir/__/__/Drivers/STM32F3xx_HAL_Driver/Src/stm32f3xx_hal_i2c_ex.c.obj
 .debug_macro   0x0001daa5      0x1d3 cmake/stm32cubemx/CMakeFiles/STM32_Drivers.dir/__/__/Drivers/STM32F3xx_HAL_Driver/Src/stm32f3xx_hal.c.obj
 .debug_macro   0x0001dc78      0x1d3 cmake/stm32cubemx/CMakeFiles/STM32_Drivers.dir/__/__/Drivers/STM32F3xx_HAL_Driver/Src/stm32f3xx_hal_rcc.c.obj
 .debug_macro   0x0001de4b      0x1af cmake/stm32cubemx/CMakeFiles/STM32_Drivers.dir/__/__/Drivers/STM32F3xx_HAL_Driver/Src/stm32f3xx_hal_rcc_ex.c.obj
 .debug_macro   0x0001dffa      0x1b6 cmake/stm32cubemx/CMakeFiles/STM32_Drivers.dir/__/__/Drivers/STM32F3xx_HAL_Driver/Src/stm32f3xx_hal_gpio.c.obj
 .debug_macro   0x0001e1b0      0x1af cmake/stm32cubemx/CMakeFiles/STM32_Drivers.dir/__/__/Drivers/STM32F3xx_HAL_Driver/Src/stm32f3xx_hal_cortex.c.obj
 .debug_macro   0x0001e35f      0x257 CMakeFiles/Test_0703_OLED.dir/Core/Src/main.c.obj
 .debug_macro   0x0001e5b6       0x22 CMakeFiles/Test_0703_OLED.dir/Core/Src/main.c.obj
 .debug_macro   0x0001e5d8       0xf4 CMakeFiles/Test_0703_OLED.dir/Core/Src/main.c.obj
 .debug_macro   0x0001e6cc      0x1c3 CMakeFiles/Test_0703_OLED.dir/Core/Src/gpio.c.obj
 .debug_macro   0x0001e88f      0x1c3 CMakeFiles/Test_0703_OLED.dir/Core/Src/i2c.c.obj
 .debug_macro   0x0001ea52      0x1c3 CMakeFiles/Test_0703_OLED.dir/Core/Src/stm32f3xx_it.c.obj
 .debug_macro   0x0001ec15      0x1b9 CMakeFiles/Test_0703_OLED.dir/Core/Src/stm32f3xx_hal_msp.c.obj
 .debug_macro   0x0001edce      0x29a CMakeFiles/Test_0703_OLED.dir/Core/Src/ssd1306.c.obj
 .debug_macro   0x0001f068       0x74 CMakeFiles/Test_0703_OLED.dir/Core/Src/ssd1306.c.obj
 .debug_macro   0x0001f0dc       0x10 CMakeFiles/Test_0703_OLED.dir/Core/Src/ssd1306.c.obj
 .debug_macro   0x0001f0ec       0x20 CMakeFiles/Test_0703_OLED.dir/Core/Src/ssd1306.c.obj
 .debug_macro   0x0001f10c       0x72 CMakeFiles/Test_0703_OLED.dir/Core/Src/ssd1306_font.c.obj
 .debug_macro   0x0001f17e       0x1c CMakeFiles/Test_0703_OLED.dir/Core/Src/ssd1306_font.c.obj

.debug_line     0x00000000     0xcc59
 .debug_line    0x00000000      0x7ae cmake/stm32cubemx/CMakeFiles/STM32_Drivers.dir/__/__/Core/Src/system_stm32f3xx.c.obj
 .debug_line    0x000007ae     0x3748 cmake/stm32cubemx/CMakeFiles/STM32_Drivers.dir/__/__/Drivers/STM32F3xx_HAL_Driver/Src/stm32f3xx_hal_i2c.c.obj
 .debug_line    0x00003ef6      0x895 cmake/stm32cubemx/CMakeFiles/STM32_Drivers.dir/__/__/Drivers/STM32F3xx_HAL_Driver/Src/stm32f3xx_hal_i2c_ex.c.obj
 .debug_line    0x0000478b      0x9e8 cmake/stm32cubemx/CMakeFiles/STM32_Drivers.dir/__/__/Drivers/STM32F3xx_HAL_Driver/Src/stm32f3xx_hal.c.obj
 .debug_line    0x00005173     0x155c cmake/stm32cubemx/CMakeFiles/STM32_Drivers.dir/__/__/Drivers/STM32F3xx_HAL_Driver/Src/stm32f3xx_hal_rcc.c.obj
 .debug_line    0x000066cf      0xf48 cmake/stm32cubemx/CMakeFiles/STM32_Drivers.dir/__/__/Drivers/STM32F3xx_HAL_Driver/Src/stm32f3xx_hal_rcc_ex.c.obj
 .debug_line    0x00007617      0xb58 cmake/stm32cubemx/CMakeFiles/STM32_Drivers.dir/__/__/Drivers/STM32F3xx_HAL_Driver/Src/stm32f3xx_hal_gpio.c.obj
 .debug_line    0x0000816f      0xcb0 cmake/stm32cubemx/CMakeFiles/STM32_Drivers.dir/__/__/Drivers/STM32F3xx_HAL_Driver/Src/stm32f3xx_hal_cortex.c.obj
 .debug_line    0x00008e1f      0xac1 CMakeFiles/Test_0703_OLED.dir/Core/Src/main.c.obj
 .debug_line    0x000098e0      0x76e CMakeFiles/Test_0703_OLED.dir/Core/Src/gpio.c.obj
 .debug_line    0x0000a04e      0x7b8 CMakeFiles/Test_0703_OLED.dir/Core/Src/i2c.c.obj
 .debug_line    0x0000a806      0x7de CMakeFiles/Test_0703_OLED.dir/Core/Src/stm32f3xx_it.c.obj
 .debug_line    0x0000afe4      0x72f CMakeFiles/Test_0703_OLED.dir/Core/Src/stm32f3xx_hal_msp.c.obj
 .debug_line    0x0000b713       0x7a CMakeFiles/Test_0703_OLED.dir/startup_stm32f303xe.s.obj
 .debug_line    0x0000b78d      0xcde CMakeFiles/Test_0703_OLED.dir/Core/Src/ssd1306.c.obj
 .debug_line    0x0000c46b      0x306 CMakeFiles/Test_0703_OLED.dir/Core/Src/ssd1306_font.c.obj
 .debug_line    0x0000c771      0x17e C:/ST/STM32CubeCLT_1.21.0/GNU-tools-for-STM32/bin/../lib/gcc/arm-none-eabi/14.3.1/../../../../arm-none-eabi/lib/thumb/v7e-m+fp/hard\libg_nano.a(libc_a-memset.o)
 .debug_line    0x0000c8ef      0x168 C:/ST/STM32CubeCLT_1.21.0/GNU-tools-for-STM32/bin/../lib/gcc/arm-none-eabi/14.3.1/../../../../arm-none-eabi/lib/thumb/v7e-m+fp/hard\libg_nano.a(libc_a-init.o)
 .debug_line    0x0000ca57      0x202 C:/ST/STM32CubeCLT_1.21.0/GNU-tools-for-STM32/bin/../lib/gcc/arm-none-eabi/14.3.1/../../../../arm-none-eabi/lib/thumb/v7e-m+fp/hard\libg_nano.a(libc_a-memcpy-stub.o)

.debug_str      0x00000000    0xbc37b
 .debug_str     0x00000000    0xbc37b cmake/stm32cubemx/CMakeFiles/STM32_Drivers.dir/__/__/Core/Src/system_stm32f3xx.c.obj
                              0xb640c (size before relaxing)
 .debug_str     0x000bc37b    0xb770c cmake/stm32cubemx/CMakeFiles/STM32_Drivers.dir/__/__/Drivers/STM32F3xx_HAL_Driver/Src/stm32f3xx_hal_i2c.c.obj
 .debug_str     0x000bc37b    0xb698f cmake/stm32cubemx/CMakeFiles/STM32_Drivers.dir/__/__/Drivers/STM32F3xx_HAL_Driver/Src/stm32f3xx_hal_i2c_ex.c.obj
 .debug_str     0x000bc37b    0xb6cb5 cmake/stm32cubemx/CMakeFiles/STM32_Drivers.dir/__/__/Drivers/STM32F3xx_HAL_Driver/Src/stm32f3xx_hal.c.obj
 .debug_str     0x000bc37b    0xb68b0 cmake/stm32cubemx/CMakeFiles/STM32_Drivers.dir/__/__/Drivers/STM32F3xx_HAL_Driver/Src/stm32f3xx_hal_rcc.c.obj
 .debug_str     0x000bc37b    0xb66fa cmake/stm32cubemx/CMakeFiles/STM32_Drivers.dir/__/__/Drivers/STM32F3xx_HAL_Driver/Src/stm32f3xx_hal_rcc_ex.c.obj
 .debug_str     0x000bc37b    0xb65f1 cmake/stm32cubemx/CMakeFiles/STM32_Drivers.dir/__/__/Drivers/STM32F3xx_HAL_Driver/Src/stm32f3xx_hal_gpio.c.obj
 .debug_str     0x000bc37b    0xb6d39 cmake/stm32cubemx/CMakeFiles/STM32_Drivers.dir/__/__/Drivers/STM32F3xx_HAL_Driver/Src/stm32f3xx_hal_cortex.c.obj
 .debug_str     0x000bc37b    0xb6f22 CMakeFiles/Test_0703_OLED.dir/Core/Src/main.c.obj
 .debug_str     0x000bc37b    0xb63dd CMakeFiles/Test_0703_OLED.dir/Core/Src/gpio.c.obj
 .debug_str     0x000bc37b    0xb6916 CMakeFiles/Test_0703_OLED.dir/Core/Src/i2c.c.obj
 .debug_str     0x000bc37b    0xb637d CMakeFiles/Test_0703_OLED.dir/Core/Src/stm32f3xx_it.c.obj
 .debug_str     0x000bc37b    0xb634e CMakeFiles/Test_0703_OLED.dir/Core/Src/stm32f3xx_hal_msp.c.obj
 .debug_str     0x000bc37b       0xae CMakeFiles/Test_0703_OLED.dir/startup_stm32f303xe.s.obj
 .debug_str     0x000bc37b    0xb9cad CMakeFiles/Test_0703_OLED.dir/Core/Src/ssd1306.c.obj
 .debug_str     0x000bc37b     0x3ede CMakeFiles/Test_0703_OLED.dir/Core/Src/ssd1306_font.c.obj
 .debug_str     0x000bc37b      0x211 C:/ST/STM32CubeCLT_1.21.0/GNU-tools-for-STM32/bin/../lib/gcc/arm-none-eabi/14.3.1/../../../../arm-none-eabi/lib/thumb/v7e-m+fp/hard\libg_nano.a(libc_a-memset.o)
 .debug_str     0x000bc37b      0x272 C:/ST/STM32CubeCLT_1.21.0/GNU-tools-for-STM32/bin/../lib/gcc/arm-none-eabi/14.3.1/../../../../arm-none-eabi/lib/thumb/v7e-m+fp/hard\libg_nano.a(libc_a-init.o)
 .debug_str     0x000bc37b      0x22f C:/ST/STM32CubeCLT_1.21.0/GNU-tools-for-STM32/bin/../lib/gcc/arm-none-eabi/14.3.1/../../../../arm-none-eabi/lib/thumb/v7e-m+fp/hard\libg_nano.a(libc_a-memcpy-stub.o)

.debug_frame    0x00000000     0x20c8
 .debug_frame   0x00000000       0x50 cmake/stm32cubemx/CMakeFiles/STM32_Drivers.dir/__/__/Core/Src/system_stm32f3xx.c.obj
 .debug_frame   0x00000050      0xbe8 cmake/stm32cubemx/CMakeFiles/STM32_Drivers.dir/__/__/Drivers/STM32F3xx_HAL_Driver/Src/stm32f3xx_hal_i2c.c.obj
 .debug_frame   0x00000c38       0xe8 cmake/stm32cubemx/CMakeFiles/STM32_Drivers.dir/__/__/Drivers/STM32F3xx_HAL_Driver/Src/stm32f3xx_hal_i2c_ex.c.obj
 .debug_frame   0x00000d20      0x2e4 cmake/stm32cubemx/CMakeFiles/STM32_Drivers.dir/__/__/Drivers/STM32F3xx_HAL_Driver/Src/stm32f3xx_hal.c.obj
 .debug_frame   0x00001004      0x1f8 cmake/stm32cubemx/CMakeFiles/STM32_Drivers.dir/__/__/Drivers/STM32F3xx_HAL_Driver/Src/stm32f3xx_hal_rcc.c.obj
 .debug_frame   0x000011fc       0xa8 cmake/stm32cubemx/CMakeFiles/STM32_Drivers.dir/__/__/Drivers/STM32F3xx_HAL_Driver/Src/stm32f3xx_hal_rcc_ex.c.obj
 .debug_frame   0x000012a4      0x130 cmake/stm32cubemx/CMakeFiles/STM32_Drivers.dir/__/__/Drivers/STM32F3xx_HAL_Driver/Src/stm32f3xx_hal_gpio.c.obj
 .debug_frame   0x000013d4      0x49c cmake/stm32cubemx/CMakeFiles/STM32_Drivers.dir/__/__/Drivers/STM32F3xx_HAL_Driver/Src/stm32f3xx_hal_cortex.c.obj
 .debug_frame   0x00001870      0x148 CMakeFiles/Test_0703_OLED.dir/Core/Src/main.c.obj
 .debug_frame   0x000019b8       0x34 CMakeFiles/Test_0703_OLED.dir/Core/Src/gpio.c.obj
 .debug_frame   0x000019ec       0x74 CMakeFiles/Test_0703_OLED.dir/Core/Src/i2c.c.obj
 .debug_frame   0x00001a60       0xf8 CMakeFiles/Test_0703_OLED.dir/Core/Src/stm32f3xx_it.c.obj
 .debug_frame   0x00001b58       0x34 CMakeFiles/Test_0703_OLED.dir/Core/Src/stm32f3xx_hal_msp.c.obj
 .debug_frame   0x00001b8c      0x4c8 CMakeFiles/Test_0703_OLED.dir/Core/Src/ssd1306.c.obj
 .debug_frame   0x00002054       0x20 C:/ST/STM32CubeCLT_1.21.0/GNU-tools-for-STM32/bin/../lib/gcc/arm-none-eabi/14.3.1/../../../../arm-none-eabi/lib/thumb/v7e-m+fp/hard\libg_nano.a(libc_a-memset.o)
 .debug_frame   0x00002074       0x2c C:/ST/STM32CubeCLT_1.21.0/GNU-tools-for-STM32/bin/../lib/gcc/arm-none-eabi/14.3.1/../../../../arm-none-eabi/lib/thumb/v7e-m+fp/hard\libg_nano.a(libc_a-init.o)
 .debug_frame   0x000020a0       0x28 C:/ST/STM32CubeCLT_1.21.0/GNU-tools-for-STM32/bin/../lib/gcc/arm-none-eabi/14.3.1/../../../../arm-none-eabi/lib/thumb/v7e-m+fp/hard\libg_nano.a(libc_a-memcpy-stub.o)

.debug_line_str
                0x00000000       0x92
 .debug_line_str
                0x00000000       0x92 CMakeFiles/Test_0703_OLED.dir/startup_stm32f303xe.s.obj

.debug_loclists
                0x00000000      0x14e
 .debug_loclists
                0x00000000       0x4d C:/ST/STM32CubeCLT_1.21.0/GNU-tools-for-STM32/bin/../lib/gcc/arm-none-eabi/14.3.1/../../../../arm-none-eabi/lib/thumb/v7e-m+fp/hard\libg_nano.a(libc_a-memset.o)
 .debug_loclists
                0x0000004d       0x54 C:/ST/STM32CubeCLT_1.21.0/GNU-tools-for-STM32/bin/../lib/gcc/arm-none-eabi/14.3.1/../../../../arm-none-eabi/lib/thumb/v7e-m+fp/hard\libg_nano.a(libc_a-init.o)
 .debug_loclists
                0x000000a1       0xad C:/ST/STM32CubeCLT_1.21.0/GNU-tools-for-STM32/bin/../lib/gcc/arm-none-eabi/14.3.1/../../../../arm-none-eabi/lib/thumb/v7e-m+fp/hard\libg_nano.a(libc_a-memcpy-stub.o)
