C:/Users/User/Desktop/STM/STM32F303-RET6/Test_0703_OLED/Core/Src/ssd1306.c:8:6:ssd1306_write_command	32	static
C:/Users/User/Desktop/STM/STM32F303-RET6/Test_0703_OLED/Core/Src/ssd1306.c:14:6:ssd1306_write_data	48	static
C:/Users/User/Desktop/STM/STM32F303-RET6/Test_0703_OLED/Core/Src/ssd1306.c:29:6:charge_bump_setting	16	static
C:/Users/User/Desktop/STM/STM32F303-RET6/Test_0703_OLED/Core/Src/ssd1306.c:35:6:set_contrast_control	16	static
C:/Users/User/Desktop/STM/STM32F303-RET6/Test_0703_OLED/Core/Src/ssd1306.c:41:6:entire_display_off	8	static
C:/Users/User/Desktop/STM/STM32F303-RET6/Test_0703_OLED/Core/Src/ssd1306.c:46:6:entire_display_on	8	static
C:/Users/User/Desktop/STM/STM32F303-RET6/Test_0703_OLED/Core/Src/ssd1306.c:51:6:set_normal_display	8	static
C:/Users/User/Desktop/STM/STM32F303-RET6/Test_0703_OLED/Core/Src/ssd1306.c:56:6:set_inverse_display	8	static
C:/Users/User/Desktop/STM/STM32F303-RET6/Test_0703_OLED/Core/Src/ssd1306.c:61:6:set_display_off	8	static
C:/Users/User/Desktop/STM/STM32F303-RET6/Test_0703_OLED/Core/Src/ssd1306.c:66:6:set_display_on	8	static
C:/Users/User/Desktop/STM/STM32F303-RET6/Test_0703_OLED/Core/Src/ssd1306.c:71:6:set_lower_column_start_address_for_page_addressing_mode	16	static
C:/Users/User/Desktop/STM/STM32F303-RET6/Test_0703_OLED/Core/Src/ssd1306.c:76:6:set_higher_column_start_address_for_page_addressing_mode	16	static
C:/Users/User/Desktop/STM/STM32F303-RET6/Test_0703_OLED/Core/Src/ssd1306.c:81:6:set_memory_addressing_mode	16	static
C:/Users/User/Desktop/STM/STM32F303-RET6/Test_0703_OLED/Core/Src/ssd1306.c:87:6:set_column_address	16	static
C:/Users/User/Desktop/STM/STM32F303-RET6/Test_0703_OLED/Core/Src/ssd1306.c:94:6:set_page_address	16	static
C:/Users/User/Desktop/STM/STM32F303-RET6/Test_0703_OLED/Core/Src/ssd1306.c:101:6:set_page_start_address_for_page_addressing_mode	16	static
C:/Users/User/Desktop/STM/STM32F303-RET6/Test_0703_OLED/Core/Src/ssd1306.c:106:6:set_display_start_line	16	static
C:/Users/User/Desktop/STM/STM32F303-RET6/Test_0703_OLED/Core/Src/ssd1306.c:111:6:set_segment_remap	16	static
C:/Users/User/Desktop/STM/STM32F303-RET6/Test_0703_OLED/Core/Src/ssd1306.c:116:6:set_multiplex_ratio	16	static
C:/Users/User/Desktop/STM/STM32F303-RET6/Test_0703_OLED/Core/Src/ssd1306.c:122:6:set_com_output_scan_direction	16	static
C:/Users/User/Desktop/STM/STM32F303-RET6/Test_0703_OLED/Core/Src/ssd1306.c:127:6:set_display_offset	16	static
C:/Users/User/Desktop/STM/STM32F303-RET6/Test_0703_OLED/Core/Src/ssd1306.c:133:6:set_com_pins_hardware_config	16	static
C:/Users/User/Desktop/STM/STM32F303-RET6/Test_0703_OLED/Core/Src/ssd1306.c:139:6:set_display_clock_divide_ratio_and_osc_freq	16	static
C:/Users/User/Desktop/STM/STM32F303-RET6/Test_0703_OLED/Core/Src/ssd1306.c:145:6:set_pre_charge_period	16	static
C:/Users/User/Desktop/STM/STM32F303-RET6/Test_0703_OLED/Core/Src/ssd1306.c:151:6:set_v_comh_deselect_level	16	static
C:/Users/User/Desktop/STM/STM32F303-RET6/Test_0703_OLED/Core/Src/ssd1306.c:157:6:ssd1306_init	8	static
C:/Users/User/Desktop/STM/STM32F303-RET6/Test_0703_OLED/Core/Src/ssd1306.c:182:6:ssd1306_update_screen	8	static
C:/Users/User/Desktop/STM/STM32F303-RET6/Test_0703_OLED/Core/Src/ssd1306.c:189:6:ssd1306_black_screen	8	static
C:/Users/User/Desktop/STM/STM32F303-RET6/Test_0703_OLED/Core/Src/ssd1306.c:195:6:ssd1306_white_screen	8	static
C:/Users/User/Desktop/STM/STM32F303-RET6/Test_0703_OLED/Core/Src/ssd1306.c:201:6:ssd1306_black_pixel	16	static
C:/Users/User/Desktop/STM/STM32F303-RET6/Test_0703_OLED/Core/Src/ssd1306.c:211:6:ssd1306_white_pixel	16	static
C:/Users/User/Desktop/STM/STM32F303-RET6/Test_0703_OLED/Core/Src/ssd1306.c:221:6:ssd1306_write_char	32	static
C:/Users/User/Desktop/STM/STM32F303-RET6/Test_0703_OLED/Core/Src/ssd1306.c:255:6:ssd1306_write_string	24	static
C:/Users/User/Desktop/STM/STM32F303-RET6/Test_0703_OLED/Core/Src/ssd1306.c:269:6:ssd1306_set_cursor	16	static
C:/Users/User/Desktop/STM/STM32F303-RET6/Test_0703_OLED/Core/Src/ssd1306.c:275:6:ssd1306_enter	4	static
C:/Users/User/Desktop/STM/STM32F303-RET6/Test_0703_OLED/Core/Src/ssd1306.c:281:6:ssd1306_space	4	static
